Archive member included to satisfy reference by file (symbol)

/usr/local/gcc_arm/gcc-arm-none-eabi-7-2017-q4-major/bin/../lib/gcc/arm-none-eabi/7.2.1/../../../../arm-none-eabi/lib/thumb/v7e-m/fpv4-sp/hard/libc_nano.a(lib_a-exit.o)
                              /usr/local/gcc_arm/gcc-arm-none-eabi-7-2017-q4-major/bin/../lib/gcc/arm-none-eabi/7.2.1/../../../../arm-none-eabi/lib/thumb/v7e-m/fpv4-sp/hard/crt0.o (exit)
/usr/local/gcc_arm/gcc-arm-none-eabi-7-2017-q4-major/bin/../lib/gcc/arm-none-eabi/7.2.1/../../../../arm-none-eabi/lib/thumb/v7e-m/fpv4-sp/hard/libc_nano.a(lib_a-impure.o)
                              /usr/local/gcc_arm/gcc-arm-none-eabi-7-2017-q4-major/bin/../lib/gcc/arm-none-eabi/7.2.1/../../../../arm-none-eabi/lib/thumb/v7e-m/fpv4-sp/hard/libc_nano.a(lib_a-exit.o) (_global_impure_ptr)
/usr/local/gcc_arm/gcc-arm-none-eabi-7-2017-q4-major/bin/../lib/gcc/arm-none-eabi/7.2.1/../../../../arm-none-eabi/lib/thumb/v7e-m/fpv4-sp/hard/libc_nano.a(lib_a-init.o)
                              /usr/local/gcc_arm/gcc-arm-none-eabi-7-2017-q4-major/bin/../lib/gcc/arm-none-eabi/7.2.1/../../../../arm-none-eabi/lib/thumb/v7e-m/fpv4-sp/hard/crt0.o (__libc_init_array)
/usr/local/gcc_arm/gcc-arm-none-eabi-7-2017-q4-major/bin/../lib/gcc/arm-none-eabi/7.2.1/../../../../arm-none-eabi/lib/thumb/v7e-m/fpv4-sp/hard/libc_nano.a(lib_a-locale.o)
                              _build/nrf52832_xxaa/nrf_log_str_formatter.c.o (__locale_ctype_ptr)
/usr/local/gcc_arm/gcc-arm-none-eabi-7-2017-q4-major/bin/../lib/gcc/arm-none-eabi/7.2.1/../../../../arm-none-eabi/lib/thumb/v7e-m/fpv4-sp/hard/libc_nano.a(lib_a-mbtowc_r.o)
                              /usr/local/gcc_arm/gcc-arm-none-eabi-7-2017-q4-major/bin/../lib/gcc/arm-none-eabi/7.2.1/../../../../arm-none-eabi/lib/thumb/v7e-m/fpv4-sp/hard/libc_nano.a(lib_a-locale.o) (__ascii_mbtowc)
/usr/local/gcc_arm/gcc-arm-none-eabi-7-2017-q4-major/bin/../lib/gcc/arm-none-eabi/7.2.1/../../../../arm-none-eabi/lib/thumb/v7e-m/fpv4-sp/hard/libc_nano.a(lib_a-memcpy-stub.o)
                              _build/nrf52832_xxaa/nrf_log_frontend.c.o (memcpy)
/usr/local/gcc_arm/gcc-arm-none-eabi-7-2017-q4-major/bin/../lib/gcc/arm-none-eabi/7.2.1/../../../../arm-none-eabi/lib/thumb/v7e-m/fpv4-sp/hard/libc_nano.a(lib_a-memset.o)
                              /usr/local/gcc_arm/gcc-arm-none-eabi-7-2017-q4-major/bin/../lib/gcc/arm-none-eabi/7.2.1/../../../../arm-none-eabi/lib/thumb/v7e-m/fpv4-sp/hard/crt0.o (memset)
/usr/local/gcc_arm/gcc-arm-none-eabi-7-2017-q4-major/bin/../lib/gcc/arm-none-eabi/7.2.1/../../../../arm-none-eabi/lib/thumb/v7e-m/fpv4-sp/hard/libc_nano.a(lib_a-strcmp.o)
                              /usr/local/gcc_arm/gcc-arm-none-eabi-7-2017-q4-major/bin/../lib/gcc/arm-none-eabi/7.2.1/../../../../arm-none-eabi/lib/thumb/v7e-m/fpv4-sp/hard/libc_nano.a(lib_a-locale.o) (strcmp)
/usr/local/gcc_arm/gcc-arm-none-eabi-7-2017-q4-major/bin/../lib/gcc/arm-none-eabi/7.2.1/../../../../arm-none-eabi/lib/thumb/v7e-m/fpv4-sp/hard/libc_nano.a(lib_a-strcpy.o)
                              _build/nrf52832_xxaa/SEGGER_RTT.c.o (strcpy)
/usr/local/gcc_arm/gcc-arm-none-eabi-7-2017-q4-major/bin/../lib/gcc/arm-none-eabi/7.2.1/../../../../arm-none-eabi/lib/thumb/v7e-m/fpv4-sp/hard/libc_nano.a(lib_a-strlen.o)
                              _build/nrf52832_xxaa/nrf_log_frontend.c.o (strlen)
/usr/local/gcc_arm/gcc-arm-none-eabi-7-2017-q4-major/bin/../lib/gcc/arm-none-eabi/7.2.1/../../../../arm-none-eabi/lib/thumb/v7e-m/fpv4-sp/hard/libc_nano.a(lib_a-wctomb_r.o)
                              /usr/local/gcc_arm/gcc-arm-none-eabi-7-2017-q4-major/bin/../lib/gcc/arm-none-eabi/7.2.1/../../../../arm-none-eabi/lib/thumb/v7e-m/fpv4-sp/hard/libc_nano.a(lib_a-locale.o) (__ascii_wctomb)
/usr/local/gcc_arm/gcc-arm-none-eabi-7-2017-q4-major/bin/../lib/gcc/arm-none-eabi/7.2.1/../../../../arm-none-eabi/lib/thumb/v7e-m/fpv4-sp/hard/libc_nano.a(lib_a-ctype_.o)
                              /usr/local/gcc_arm/gcc-arm-none-eabi-7-2017-q4-major/bin/../lib/gcc/arm-none-eabi/7.2.1/../../../../arm-none-eabi/lib/thumb/v7e-m/fpv4-sp/hard/libc_nano.a(lib_a-locale.o) (_ctype_)
/usr/local/gcc_arm/gcc-arm-none-eabi-7-2017-q4-major/bin/../lib/gcc/arm-none-eabi/7.2.1/../../../../arm-none-eabi/lib/thumb/v7e-m/fpv4-sp/hard/libnosys.a(_exit.o)
                              /usr/local/gcc_arm/gcc-arm-none-eabi-7-2017-q4-major/bin/../lib/gcc/arm-none-eabi/7.2.1/../../../../arm-none-eabi/lib/thumb/v7e-m/fpv4-sp/hard/libc_nano.a(lib_a-exit.o) (_exit)
/usr/local/gcc_arm/gcc-arm-none-eabi-7-2017-q4-major/bin/../lib/gcc/arm-none-eabi/7.2.1/thumb/v7e-m/fpv4-sp/hard/libgcc.a(_aeabi_ldivmod.o)
                              _build/nrf52832_xxaa/bsp.c.o (__aeabi_ldivmod)
/usr/local/gcc_arm/gcc-arm-none-eabi-7-2017-q4-major/bin/../lib/gcc/arm-none-eabi/7.2.1/thumb/v7e-m/fpv4-sp/hard/libgcc.a(_aeabi_uldivmod.o)
                              _build/nrf52832_xxaa/bsp.c.o (__aeabi_uldivmod)
[...]
Memory Configuration

Name             Origin             Length             Attributes
FLASH            0x0000000000023000 0x000000000005d000 xr
RAM              0x0000000020002180 0x000000000000de80 xrw
*default*        0x0000000000000000 0xffffffffffffffff

Linker script and memory map


.text           0x0000000000023000     0x9080
 *(.isr_vector)
 .isr_vector    0x0000000000023000      0x200 _build/nrf52832_xxaa/gcc_startup_nrf52.S.o
                0x0000000000023000                __isr_vector
 *(.text*)
 .text          0x0000000000023200       0x40 /usr/local/gcc_arm/gcc-arm-none-eabi-7-2017-q4-major/bin/../lib/gcc/arm-none-eabi/7.2.1/thumb/v7e-m/fpv4-sp/hard/crtbegin.o
 .text          0x0000000000023240       0x74 /usr/local/gcc_arm/gcc-arm-none-eabi-7-2017-q4-major/bin/../lib/gcc/arm-none-eabi/7.2.1/../../../../arm-none-eabi/lib/thumb/v7e-m/fpv4-sp/hard/crt0.o
                0x0000000000023240                _mainCRTStartup
                0x0000000000023240                _start
 .text.nrf_log_backend_serial_put
                0x00000000000232b4       0xe4 _build/nrf52832_xxaa/nrf_log_backend_serial.c.o
                0x00000000000232b4                nrf_log_backend_serial_put
 .text.uart_evt_handler
                0x0000000000023398        0xc _build/nrf52832_xxaa/nrf_log_backend_uart.c.o
 .text.nrf_log_backend_uart_flush
                0x00000000000233a4        0x4 _build/nrf52832_xxaa/nrf_log_backend_uart.c.o
 .text.nrf_log_backend_uart_panic_set
                0x00000000000233a8       0x48 _build/nrf52832_xxaa/nrf_log_backend_uart.c.o
 .text.nrf_log_backend_uart_put
                0x00000000000233f0       0x20 _build/nrf52832_xxaa/nrf_log_backend_uart.c.o
 .text.serial_tx
                0x0000000000023410       0x34 _build/nrf52832_xxaa/nrf_log_backend_uart.c.o
 .text.nrf_log_backend_uart_init
                0x0000000000023444       0x48 _build/nrf52832_xxaa/nrf_log_backend_uart.c.o
                0x0000000000023444                nrf_log_backend_uart_init
 .text.nrf_log_default_backends_init
                0x000000000002348c       0x1c _build/nrf52832_xxaa/nrf_log_default_backends.c.o
                0x000000000002348c                nrf_log_default_backends_init
 .text.nrf_log_frontend_dequeue.part.5
                0x00000000000234a8      0x21c _build/nrf52832_xxaa/nrf_log_frontend.c.o
 .text.nrf_log_init
                0x00000000000236c4       0x50 _build/nrf52832_xxaa/nrf_log_frontend.c.o
                0x00000000000236c4                nrf_log_init
 .text.nrf_log_module_name_get
                0x0000000000023714       0x5c _build/nrf52832_xxaa/nrf_log_frontend.c.o
                0x0000000000023714                nrf_log_module_name_get
 .text.nrf_log_color_id_get
                0x0000000000023770       0x2c _build/nrf52832_xxaa/nrf_log_frontend.c.o
                0x0000000000023770                nrf_log_color_id_get
 .text.nrf_log_frontend_std_0
                0x000000000002379c      0x194 _build/nrf52832_xxaa/nrf_log_frontend.c.o
                0x000000000002379c                nrf_log_frontend_std_0
 .text.nrf_log_frontend_std_1
                0x0000000000023930      0x1a4 _build/nrf52832_xxaa/nrf_log_frontend.c.o
                0x0000000000023930                nrf_log_frontend_std_1
 .text.nrf_log_frontend_std_2
                0x0000000000023ad4      0x1b8 _build/nrf52832_xxaa/nrf_log_frontend.c.o
                0x0000000000023ad4                nrf_log_frontend_std_2
 .text.nrf_log_frontend_dequeue
                0x0000000000023c8c       0x18 _build/nrf52832_xxaa/nrf_log_frontend.c.o
                0x0000000000023c8c                nrf_log_frontend_dequeue
 .text.nrf_log_backend_add
                0x0000000000023ca4       0x5c _build/nrf52832_xxaa/nrf_log_frontend.c.o
                0x0000000000023ca4                nrf_log_backend_add
 .text.nrf_log_panic
                0x0000000000023d00       0x28 _build/nrf52832_xxaa/nrf_log_frontend.c.o
                0x0000000000023d00                nrf_log_panic
 .text.nrf_log_std_entry_process
                0x0000000000023d28      0x130 _build/nrf52832_xxaa/nrf_log_str_formatter.c.o
                0x0000000000023d28                nrf_log_std_entry_process
 .text.nrf_log_hexdump_entry_process
                0x0000000000023e58      0x13c _build/nrf52832_xxaa/nrf_log_str_formatter.c.o
                0x0000000000023e58                nrf_log_hexdump_entry_process
 .text.app_button_enable
                0x0000000000023f94       0x2c _build/nrf52832_xxaa/app_button.c.o
                0x0000000000023f94                app_button_enable
 .text.app_button_disable
                0x0000000000023fc0       0x34 _build/nrf52832_xxaa/app_button.c.o
                0x0000000000023fc0                app_button_disable
 .text.app_error_handler_bare
                0x0000000000023ff4       0x20 _build/nrf52832_xxaa/app_error.c.o
                0x0000000000023ff4                app_error_handler_bare
 .text.app_error_fault_handler
                0x0000000000024014       0x68 _build/nrf52832_xxaa/app_error_weak.c.o
                0x0000000000024014                app_error_fault_handler
 .text.app_sched_init
                0x000000000002407c       0x50 _build/nrf52832_xxaa/app_scheduler.c.o
                0x000000000002407c                app_sched_init
 .text.app_sched_event_put
                0x00000000000240cc       0xd4 _build/nrf52832_xxaa/app_scheduler.c.o
                0x00000000000240cc                app_sched_event_put
 .text.app_sched_execute
                0x00000000000241a0       0x8c _build/nrf52832_xxaa/app_scheduler.c.o
                0x00000000000241a0                app_sched_execute
 .text.timeout_handler_scheduled_exec
                0x000000000002422c       0x18 _build/nrf52832_xxaa/app_timer.c.o
 .text.RTC1_IRQHandler
                0x0000000000024244       0xc8 _build/nrf52832_xxaa/app_timer.c.o
                0x0000000000024244                RTC1_IRQHandler
 .text.SWI0_EGU0_IRQHandler
                0x000000000002430c      0x670 _build/nrf52832_xxaa/app_timer.c.o
                0x000000000002430c                SWI0_EGU0_IRQHandler
 .text.app_timer_init
                0x000000000002497c      0x180 _build/nrf52832_xxaa/app_timer.c.o
                0x000000000002497c                app_timer_init
 .text.app_timer_create
                0x0000000000024afc       0x24 _build/nrf52832_xxaa/app_timer.c.o
                0x0000000000024afc                app_timer_create
 .text.app_timer_start
                0x0000000000024b20       0xac _build/nrf52832_xxaa/app_timer.c.o
                0x0000000000024b20                app_timer_start
 .text.app_timer_stop
                0x0000000000024bcc       0x74 _build/nrf52832_xxaa/app_timer.c.o
                0x0000000000024bcc                app_timer_stop
 .text.app_timer_stop_all
                0x0000000000024c40       0x68 _build/nrf52832_xxaa/app_timer.c.o
                0x0000000000024c40                app_timer_stop_all
 .text.app_util_critical_region_enter
                0x0000000000024ca8       0x4c _build/nrf52832_xxaa/app_util_platform.c.o
                0x0000000000024ca8                app_util_critical_region_enter
 .text.app_util_critical_region_exit
                0x0000000000024cf4       0x30 _build/nrf52832_xxaa/app_util_platform.c.o
                0x0000000000024cf4                app_util_critical_region_exit
 .text.nrf_balloc_init
                0x0000000000024d24       0x38 _build/nrf52832_xxaa/nrf_balloc.c.o
                0x0000000000024d24                nrf_balloc_init
 .text.nrf_balloc_alloc
                0x0000000000024d5c       0x50 _build/nrf52832_xxaa/nrf_balloc.c.o
                0x0000000000024d5c                nrf_balloc_alloc
 .text.nrf_balloc_free
                0x0000000000024dac       0x38 _build/nrf52832_xxaa/nrf_balloc.c.o
                0x0000000000024dac                nrf_balloc_free
 .text.nrf_fprintf_buffer_flush
                0x0000000000024de4       0x18 _build/nrf52832_xxaa/nrf_fprintf.c.o
                0x0000000000024de4                nrf_fprintf_buffer_flush
 .text.nrf_fprintf
                0x0000000000024dfc       0x20 _build/nrf52832_xxaa/nrf_fprintf.c.o
                0x0000000000024dfc                nrf_fprintf
 .text.unsigned_print
                0x0000000000024e1c      0x10c _build/nrf52832_xxaa/nrf_fprintf_format.c.o
 .text.nrf_fprintf_fmt
                0x0000000000024f28      0x5bc _build/nrf52832_xxaa/nrf_fprintf_format.c.o
                0x0000000000024f28                nrf_fprintf_fmt
 .text.nrf_memobj_pool_init
                0x00000000000254e4        0x4 _build/nrf52832_xxaa/nrf_memobj.c.o
                0x00000000000254e4                nrf_memobj_pool_init
 .text.nrf_memobj_alloc
                0x00000000000254e8       0x84 _build/nrf52832_xxaa/nrf_memobj.c.o
                0x00000000000254e8                nrf_memobj_alloc
 .text.nrf_memobj_get
                0x000000000002556c       0x20 _build/nrf52832_xxaa/nrf_memobj.c.o
                0x000000000002556c                nrf_memobj_get
 .text.nrf_memobj_put
                0x000000000002558c       0x50 _build/nrf52832_xxaa/nrf_memobj.c.o
                0x000000000002558c                nrf_memobj_put
 .text.nrf_memobj_write
                0x00000000000255dc       0x5c _build/nrf52832_xxaa/nrf_memobj.c.o
                0x00000000000255dc                nrf_memobj_write
 .text.nrf_memobj_read
                0x0000000000025638       0x5c _build/nrf52832_xxaa/nrf_memobj.c.o
                0x0000000000025638                nrf_memobj_read
 .text.nrf_section_iter_init
                0x0000000000025694       0x14 _build/nrf52832_xxaa/nrf_section_iter.c.o
                0x0000000000025694                nrf_section_iter_init
 .text.nrf_section_iter_next
                0x00000000000256a8       0x18 _build/nrf52832_xxaa/nrf_section_iter.c.o
                0x00000000000256a8                nrf_section_iter_next
 .text.nrf_strerror_get
                0x00000000000256c0       0x6c _build/nrf52832_xxaa/nrf_strerror.c.o
                0x00000000000256c0                nrf_strerror_get
 .text.sdk_mapped_flags_first_key_index_get
                0x000000000002572c       0x30 _build/nrf52832_xxaa/sdk_mapped_flags.c.o
                0x000000000002572c                sdk_mapped_flags_first_key_index_get
 .text.sdk_mapped_flags_update_by_key
                0x000000000002575c       0x38 _build/nrf52832_xxaa/sdk_mapped_flags.c.o
                0x000000000002575c                sdk_mapped_flags_update_by_key
 .text.sdk_mapped_flags_bulk_update_by_key
                0x0000000000025794       0x5c _build/nrf52832_xxaa/sdk_mapped_flags.c.o
                0x0000000000025794                sdk_mapped_flags_bulk_update_by_key
 .text.sdk_mapped_flags_key_list_get
                0x00000000000257f0       0x34 _build/nrf52832_xxaa/sdk_mapped_flags.c.o
                0x00000000000257f0                sdk_mapped_flags_key_list_get
 .text.bsp_board_leds_init
                0x0000000000025824       0x3c _build/nrf52832_xxaa/boards.c.o
                0x0000000000025824                bsp_board_leds_init
 .text.soc_evt_handler
                0x0000000000025860       0x24 _build/nrf52832_xxaa/nrf_drv_clock.c.o
 .text.sd_state_evt_handler
                0x0000000000025884       0xc0 _build/nrf52832_xxaa/nrf_drv_clock.c.o
 .text.POWER_CLOCK_IRQHandler
                0x0000000000025944       0x7c _build/nrf52832_xxaa/nrf_drv_clock.c.o
                0x0000000000025944                POWER_CLOCK_IRQHandler
 .text.nrf_drv_common_irq_enable
                0x00000000000259c0       0x48 _build/nrf52832_xxaa/nrf_drv_common.c.o
                0x00000000000259c0                nrf_drv_common_irq_enable
 .text.nrf_drv_gpiote_in_event_enable
                0x0000000000025a08       0xc4 _build/nrf52832_xxaa/nrf_drv_gpiote.c.o
                0x0000000000025a08                nrf_drv_gpiote_in_event_enable
 .text.nrf_drv_gpiote_in_event_disable
                0x0000000000025acc       0x64 _build/nrf52832_xxaa/nrf_drv_gpiote.c.o
                0x0000000000025acc                nrf_drv_gpiote_in_event_disable
 .text.GPIOTE_IRQHandler
                0x0000000000025b30      0x548 _build/nrf52832_xxaa/nrf_drv_gpiote.c.o
                0x0000000000025b30                GPIOTE_IRQHandler
 .text.nrf_drv_uart_init
                0x0000000000026078      0x1d0 _build/nrf52832_xxaa/nrf_drv_uart.c.o
                0x0000000000026078                nrf_drv_uart_init
 .text.nrf_drv_uart_uninit
                0x0000000000026248      0x108 _build/nrf52832_xxaa/nrf_drv_uart.c.o
                0x0000000000026248                nrf_drv_uart_uninit
 .text.nrf_drv_uart_tx
                0x0000000000026350      0x154 _build/nrf52832_xxaa/nrf_drv_uart.c.o
                0x0000000000026350                nrf_drv_uart_tx
 .text.UARTE0_UART0_IRQHandler
                0x00000000000264a4      0x2e4 _build/nrf52832_xxaa/nrf_drv_uart.c.o
                0x00000000000264a4                UARTE0_UART0_IRQHandler
 .text.nrf_drv_spi_init
                0x0000000000026788      0x15c _build/nrf52832_xxaa/nrf_drv_spi.c.o
                0x0000000000026788                nrf_drv_spi_init
 .text.nrf_drv_spi_transfer
                0x00000000000268e4      0x11c _build/nrf52832_xxaa/nrf_drv_spi.c.o
                0x00000000000268e4                nrf_drv_spi_transfer
 .text.SPIM0_SPIS0_TWIM0_TWIS0_SPI0_TWI0_IRQHandler
                0x0000000000026a00       0x4c _build/nrf52832_xxaa/nrf_drv_spi.c.o
                0x0000000000026a00                SPIM0_SPIS0_TWIM0_TWIS0_SPI0_TWI0_IRQHandler
 .text.SPIM1_SPIS1_TWIM1_TWIS1_SPI1_TWI1_IRQHandler
                0x0000000000026a4c       0x50 _build/nrf52832_xxaa/nrf_drv_spi.c.o
                0x0000000000026a4c                SPIM1_SPIS1_TWIM1_TWIS1_SPI1_TWI1_IRQHandler
 .text.startup.main
                0x0000000000026a9c       0x78 _build/nrf52832_xxaa/main.c.o
                0x0000000000026a9c                main
 .text.spi_event_handler
                0x0000000000026b14        0xc _build/nrf52832_xxaa/project_init.c.o
                0x0000000000026b14                spi_event_handler
 .text.st7586_write
                0x0000000000026b20       0xe0 _build/nrf52832_xxaa/project_init.c.o
                0x0000000000026b20                st7586_write
 .text.st7586_pinout_setup
                0x0000000000026c00       0x68 _build/nrf52832_xxaa/project_init.c.o
                0x0000000000026c00                st7586_pinout_setup
 .text.clock_initialization
                0x0000000000026c68       0x20 _build/nrf52832_xxaa/project_init.c.o
                0x0000000000026c68                clock_initialization
 .text.clear_pixel.constprop.2
                0x0000000000026c88       0xcc _build/nrf52832_xxaa/project_drawing.c.o
 .text.clear_pixel.constprop.3
                0x0000000000026d54       0xc8 _build/nrf52832_xxaa/project_drawing.c.o
 .text.Clear_DDRAM
                0x0000000000026e1c      0x1f4 _build/nrf52832_xxaa/project_drawing.c.o
                0x0000000000026e1c                Clear_DDRAM
 .text.draw_pixel
                0x0000000000027010       0xc0 _build/nrf52832_xxaa/project_drawing.c.o
                0x0000000000027010                draw_pixel
 .text.draw_rectangle
                0x00000000000270d0      0x100 _build/nrf52832_xxaa/project_drawing.c.o
                0x00000000000270d0                draw_rectangle
 .text.clear_circle
                0x00000000000271d0       0xc8 _build/nrf52832_xxaa/project_drawing.c.o
                0x00000000000271d0                clear_circle
 .text.draw_circle
                0x0000000000027298      0x148 _build/nrf52832_xxaa/project_drawing.c.o
                0x0000000000027298                draw_circle
 .text.draw_start
                0x00000000000273e0      0x494 _build/nrf52832_xxaa/project_drawing.c.o
                0x00000000000273e0                draw_start
 .text.draw_clear
                0x0000000000027874      0x484 _build/nrf52832_xxaa/project_drawing.c.o
                0x0000000000027874                draw_clear
 .text.draw_gameover
                0x0000000000027cf8      0x99c _build/nrf52832_xxaa/project_drawing.c.o
                0x0000000000027cf8                draw_gameover
 .text.Initiallization_ST7586S
                0x0000000000028694      0x3bc _build/nrf52832_xxaa/project_drawing.c.o
                0x0000000000028694                Initiallization_ST7586S
 .text.drawing_init
                0x0000000000028a50      0x23c _build/nrf52832_xxaa/project_drawing.c.o
                0x0000000000028a50                drawing_init
 .text.map_scheduler
                0x0000000000028c8c       0xdc _build/nrf52832_xxaa/project_timer.c.o
                0x0000000000028c8c                map_scheduler
 .text.energy_scheduler
                0x0000000000028d68       0xe4 _build/nrf52832_xxaa/project_timer.c.o
                0x0000000000028d68                energy_scheduler
 .text.timers_init
                0x0000000000028e4c       0x60 _build/nrf52832_xxaa/project_timer.c.o
                0x0000000000028e4c                timers_init
 .text.timers_start
                0x0000000000028eac       0x50 _build/nrf52832_xxaa/project_timer.c.o
                0x0000000000028eac                timers_start
 .text.game_close
                0x0000000000028efc       0xb4 _build/nrf52832_xxaa/project_timer.c.o
                0x0000000000028efc                game_close
 .text.check_scheduler
                0x0000000000028fb0      0x370 _build/nrf52832_xxaa/project_timer.c.o
                0x0000000000028fb0                check_scheduler
 .text.sd_ble_gap_adv_start
                0x0000000000029320        0x4 _build/nrf52832_xxaa/project_ble.c.o
 .text.sd_ble_gap_disconnect
                0x0000000000029324        0x4 _build/nrf52832_xxaa/project_ble.c.o
 .text.sd_ble_gap_ppcp_set
                0x0000000000029328        0x4 _build/nrf52832_xxaa/project_ble.c.o
 .text.sd_ble_gap_device_name_set
                0x000000000002932c        0x4 _build/nrf52832_xxaa/project_ble.c.o
 .text.sd_ble_gap_sec_params_reply
                0x0000000000029330        0x4 _build/nrf52832_xxaa/project_ble.c.o
 .text.sd_ble_gap_phy_update
                0x0000000000029334        0x4 _build/nrf52832_xxaa/project_ble.c.o
 .text.sd_ble_gatts_rw_authorize_reply
                0x0000000000029338        0x4 _build/nrf52832_xxaa/project_ble.c.o
 .text.sd_ble_gatts_sys_attr_set
                0x000000000002933c        0x4 _build/nrf52832_xxaa/project_ble.c.o
 .text.sd_ble_user_mem_reply
                0x0000000000029340        0x4 _build/nrf52832_xxaa/project_ble.c.o
 .text.conn_params_error_handler
                0x0000000000029344        0x4 _build/nrf52832_xxaa/project_ble.c.o
 .text.button_write_handler
                0x0000000000029348       0x1c _build/nrf52832_xxaa/project_ble.c.o
 .text.on_conn_params_evt
                0x0000000000029364       0x24 _build/nrf52832_xxaa/project_ble.c.o
 .text.ble_evt_handler
                0x0000000000029388      0x170 _build/nrf52832_xxaa/project_ble.c.o
                0x0000000000029388                ble_evt_handler
 .text.button_scheduler_event_handler
                0x00000000000294f8      0x2dc _build/nrf52832_xxaa/project_ble.c.o
                0x00000000000294f8                button_scheduler_event_handler
 .text.advertising_start
                0x00000000000297d4       0x34 _build/nrf52832_xxaa/project_ble.c.o
                0x00000000000297d4                advertising_start
 .text.ble_stack_init
                0x0000000000029808       0x38 _build/nrf52832_xxaa/project_ble.c.o
                0x0000000000029808                ble_stack_init
 .text.gap_params_init
                0x0000000000029840       0x50 _build/nrf52832_xxaa/project_ble.c.o
                0x0000000000029840                gap_params_init
 .text.gatt_init
                0x0000000000029890       0x1c _build/nrf52832_xxaa/project_ble.c.o
                0x0000000000029890                gatt_init
 .text.services_init
                0x00000000000298ac       0x28 _build/nrf52832_xxaa/project_ble.c.o
                0x00000000000298ac                services_init
 .text.advertising_init
                0x00000000000298d4       0x58 _build/nrf52832_xxaa/project_ble.c.o
                0x00000000000298d4                advertising_init
 .text.conn_params_init
                0x000000000002992c       0x4c _build/nrf52832_xxaa/project_ble.c.o
                0x000000000002992c                conn_params_init
 .text.stage    0x0000000000029978      0x11c _build/nrf52832_xxaa/project_stage.c.o
                0x0000000000029978                stage
 .text.clear_stage
                0x0000000000029a94      0x114 _build/nrf52832_xxaa/project_stage.c.o
                0x0000000000029a94                clear_stage
 .text.sd_ble_gap_addr_get
                0x0000000000029ba8        0x4 _build/nrf52832_xxaa/ble_advdata.c.o
 .text.sd_ble_gap_adv_data_set
                0x0000000000029bac        0x4 _build/nrf52832_xxaa/ble_advdata.c.o
 .text.sd_ble_gap_appearance_get
                0x0000000000029bb0        0x4 _build/nrf52832_xxaa/ble_advdata.c.o
 .text.sd_ble_gap_device_name_get
                0x0000000000029bb4        0x4 _build/nrf52832_xxaa/ble_advdata.c.o
 .text.sd_ble_uuid_encode
                0x0000000000029bb8        0x4 _build/nrf52832_xxaa/ble_advdata.c.o
 .text.uuid_list_sized_encode
                0x0000000000029bbc       0xd0 _build/nrf52832_xxaa/ble_advdata.c.o
 .text.ble_advdata_encode
                0x0000000000029c8c      0x3ec _build/nrf52832_xxaa/ble_advdata.c.o
                0x0000000000029c8c                ble_advdata_encode
 .text.ble_advdata_set
                0x000000000002a078      0x4e4 _build/nrf52832_xxaa/ble_advdata.c.o
                0x000000000002a078                ble_advdata_set
 .text.sd_ble_gap_conn_param_update
                0x000000000002a55c        0x4 _build/nrf52832_xxaa/ble_conn_params.c.o
 .text.sd_ble_gap_disconnect
                0x000000000002a560        0x4 _build/nrf52832_xxaa/ble_conn_params.c.o
 .text.sd_ble_gap_ppcp_set
                0x000000000002a564        0x4 _build/nrf52832_xxaa/ble_conn_params.c.o
 .text.sd_ble_gap_ppcp_get
                0x000000000002a568        0x4 _build/nrf52832_xxaa/ble_conn_params.c.o
 .text.update_timeout_handler
                0x000000000002a56c       0x80 _build/nrf52832_xxaa/ble_conn_params.c.o
 .text.ble_evt_handler
                0x000000000002a5ec      0x1d4 _build/nrf52832_xxaa/ble_conn_params.c.o
 .text.ble_conn_params_init
                0x000000000002a7c0       0x7c _build/nrf52832_xxaa/ble_conn_params.c.o
                0x000000000002a7c0                ble_conn_params_init
 .text.ble_evt_handler
                0x000000000002a83c      0x114 _build/nrf52832_xxaa/ble_conn_state.c.o
 .text.ble_srv_is_notification_enabled
                0x000000000002a950        0x8 _build/nrf52832_xxaa/ble_srv_common.c.o
                0x000000000002a950                ble_srv_is_notification_enabled
 .text.sd_ble_gap_data_length_update
                0x000000000002a958        0x4 _build/nrf52832_xxaa/nrf_ble_gatt.c.o
 .text.sd_ble_gattc_exchange_mtu_request
                0x000000000002a95c        0x4 _build/nrf52832_xxaa/nrf_ble_gatt.c.o
 .text.sd_ble_gatts_exchange_mtu_reply
                0x000000000002a960        0x4 _build/nrf52832_xxaa/nrf_ble_gatt.c.o
 .text.nrf_ble_gatt_init
                0x000000000002a964       0x2c _build/nrf52832_xxaa/nrf_ble_gatt.c.o
                0x000000000002a964                nrf_ble_gatt_init
 .text.nrf_ble_gatt_on_ble_evt
                0x000000000002a990      0x1f0 _build/nrf52832_xxaa/nrf_ble_gatt.c.o
                0x000000000002a990                nrf_ble_gatt_on_ble_evt
 .text          0x000000000002ab80       0x3c _build/nrf52832_xxaa/gcc_startup_nrf52.S.o
                0x000000000002ab80                Reset_Handler
                0x000000000002aba8                NMI_Handler
                0x000000000002abaa                HardFault_Handler
                0x000000000002abac                MemoryManagement_Handler
                0x000000000002abae                BusFault_Handler
                0x000000000002abb0                UsageFault_Handler
                0x000000000002abb2                SVC_Handler
                0x000000000002abb4                DebugMon_Handler
                0x000000000002abb6                PendSV_Handler
                0x000000000002abb8                SysTick_Handler
                0x000000000002abba                I2S_IRQHandler
                0x000000000002abba                SWI4_EGU4_IRQHandler
                0x000000000002abba                TIMER0_IRQHandler
                0x000000000002abba                TIMER1_IRQHandler
                0x000000000002abba                PWM2_IRQHandler
                0x000000000002abba                ECB_IRQHandler
                0x000000000002abba                Default_Handler
                0x000000000002abba                SAADC_IRQHandler
                0x000000000002abba                CCM_AAR_IRQHandler
                0x000000000002abba                WDT_IRQHandler
                0x000000000002abba                SWI5_EGU5_IRQHandler
                0x000000000002abba                RNG_IRQHandler
                0x000000000002abba                RTC2_IRQHandler
                0x000000000002abba                PWM0_IRQHandler
                0x000000000002abba                SWI3_EGU3_IRQHandler
                0x000000000002abba                SWI1_EGU1_IRQHandler
                0x000000000002abba                SPIM2_SPIS2_SPI2_IRQHandler
                0x000000000002abba                NFCT_IRQHandler
                0x000000000002abba                MWU_IRQHandler
                0x000000000002abba                TIMER2_IRQHandler
                0x000000000002abba                COMP_LPCOMP_IRQHandler
                0x000000000002abba                RTC0_IRQHandler
                0x000000000002abba                PWM1_IRQHandler
                0x000000000002abba                RADIO_IRQHandler
                0x000000000002abba                PDM_IRQHandler
                0x000000000002abba                TEMP_IRQHandler
                0x000000000002abba                QDEC_IRQHandler
                0x000000000002abba                TIMER3_IRQHandler
                0x000000000002abba                FPU_IRQHandler
                0x000000000002abba                TIMER4_IRQHandler
 .text.SystemInit
                0x000000000002abbc      0x384 _build/nrf52832_xxaa/system_nrf52.c.o
                0x000000000002abbc                SystemInit
 .text.sd_ble_gatts_service_add
                0x000000000002af40        0x4 _build/nrf52832_xxaa/ble_lbs.c.o
 .text.sd_ble_gatts_characteristic_add
                0x000000000002af44        0x4 _build/nrf52832_xxaa/ble_lbs.c.o
 .text.sd_ble_uuid_vs_add
                0x000000000002af48        0x4 _build/nrf52832_xxaa/ble_lbs.c.o
 .text.ble_lbs_on_ble_evt
                0x000000000002af4c       0x30 _build/nrf52832_xxaa/ble_lbs.c.o
                0x000000000002af4c                ble_lbs_on_ble_evt
 .text.ble_lbs_init
                0x000000000002af7c      0x1a8 _build/nrf52832_xxaa/ble_lbs.c.o
                0x000000000002af7c                ble_lbs_init
 .text.sd_softdevice_enable
                0x000000000002b124        0x4 _build/nrf52832_xxaa/nrf_sdh.c.o
 .text.nrf_sdh_enable_request
                0x000000000002b128      0x108 _build/nrf52832_xxaa/nrf_sdh.c.o
                0x000000000002b128                nrf_sdh_enable_request
 .text.nrf_sdh_is_enabled
                0x000000000002b230        0xc _build/nrf52832_xxaa/nrf_sdh.c.o
                0x000000000002b230                nrf_sdh_is_enabled
 .text.SWI2_EGU2_IRQHandler
                0x000000000002b23c       0x2c _build/nrf52832_xxaa/nrf_sdh.c.o
                0x000000000002b23c                SWI2_EGU2_IRQHandler
 .text.sd_ble_enable
                0x000000000002b268        0x4 _build/nrf52832_xxaa/nrf_sdh_ble.c.o
 .text.sd_ble_cfg_set
                0x000000000002b26c        0x4 _build/nrf52832_xxaa/nrf_sdh_ble.c.o
 .text.sd_ble_evt_get
                0x000000000002b270        0x4 _build/nrf52832_xxaa/nrf_sdh_ble.c.o
 .text.nrf_sdh_ble_evts_poll
                0x000000000002b274       0x4c _build/nrf52832_xxaa/nrf_sdh_ble.c.o
 .text.nrf_sdh_ble_default_cfg_set
                0x000000000002b2c0      0x164 _build/nrf52832_xxaa/nrf_sdh_ble.c.o
                0x000000000002b2c0                nrf_sdh_ble_default_cfg_set
 .text.nrf_sdh_ble_enable
                0x000000000002b424       0x74 _build/nrf52832_xxaa/nrf_sdh_ble.c.o
                0x000000000002b424                nrf_sdh_ble_enable
 .text.sd_evt_get
                0x000000000002b498        0x4 _build/nrf52832_xxaa/nrf_sdh_soc.c.o
 .text.nrf_sdh_soc_evts_poll
                0x000000000002b49c       0x4c _build/nrf52832_xxaa/nrf_sdh_soc.c.o
 .text.exit     0x000000000002b4e8       0x28 /usr/local/gcc_arm/gcc-arm-none-eabi-7-2017-q4-major/bin/../lib/gcc/arm-none-eabi/7.2.1/../../../../arm-none-eabi/lib/thumb/v7e-m/fpv4-sp/hard/libc_nano.a(lib_a-exit.o)
                0x000000000002b4e8                exit
 .text.__libc_init_array
                0x000000000002b510       0x48 /usr/local/gcc_arm/gcc-arm-none-eabi-7-2017-q4-major/bin/../lib/gcc/arm-none-eabi/7.2.1/../../../../arm-none-eabi/lib/thumb/v7e-m/fpv4-sp/hard/libc_nano.a(lib_a-init.o)
                0x000000000002b510                __libc_init_array
 .text.__locale_ctype_ptr
                0x000000000002b558       0x1c /usr/local/gcc_arm/gcc-arm-none-eabi-7-2017-q4-major/bin/../lib/gcc/arm-none-eabi/7.2.1/../../../../arm-none-eabi/lib/thumb/v7e-m/fpv4-sp/hard/libc_nano.a(lib_a-locale.o)
                0x000000000002b558                __locale_ctype_ptr
 .text.__ascii_mbtowc
                0x000000000002b574       0x24 /usr/local/gcc_arm/gcc-arm-none-eabi-7-2017-q4-major/bin/../lib/gcc/arm-none-eabi/7.2.1/../../../../arm-none-eabi/lib/thumb/v7e-m/fpv4-sp/hard/libc_nano.a(lib_a-mbtowc_r.o)
                0x000000000002b574                __ascii_mbtowc
 .text.memcpy   0x000000000002b598       0x16 /usr/local/gcc_arm/gcc-arm-none-eabi-7-2017-q4-major/bin/../lib/gcc/arm-none-eabi/7.2.1/../../../../arm-none-eabi/lib/thumb/v7e-m/fpv4-sp/hard/libc_nano.a(lib_a-memcpy-stub.o)
                0x000000000002b598                memcpy
 .text.memset   0x000000000002b5ae       0x10 /usr/local/gcc_arm/gcc-arm-none-eabi-7-2017-q4-major/bin/../lib/gcc/arm-none-eabi/7.2.1/../../../../arm-none-eabi/lib/thumb/v7e-m/fpv4-sp/hard/libc_nano.a(lib_a-memset.o)
                0x000000000002b5ae                memset
 .text          0x000000000002b5be       0x10 /usr/local/gcc_arm/gcc-arm-none-eabi-7-2017-q4-major/bin/../lib/gcc/arm-none-eabi/7.2.1/../../../../arm-none-eabi/lib/thumb/v7e-m/fpv4-sp/hard/libc_nano.a(lib_a-strlen.o)
                0x000000000002b5be                strlen
 .text.__ascii_wctomb
                0x000000000002b5ce       0x1a /usr/local/gcc_arm/gcc-arm-none-eabi-7-2017-q4-major/bin/../lib/gcc/arm-none-eabi/7.2.1/../../../../arm-none-eabi/lib/thumb/v7e-m/fpv4-sp/hard/libc_nano.a(lib_a-wctomb_r.o)
                0x000000000002b5ce                __ascii_wctomb
 .text._exit    0x000000000002b5e8        0x4 /usr/local/gcc_arm/gcc-arm-none-eabi-7-2017-q4-major/bin/../lib/gcc/arm-none-eabi/7.2.1/../../../../arm-none-eabi/lib/thumb/v7e-m/fpv4-sp/hard/libnosys.a(_exit.o)
                0x000000000002b5e8                _exit
 *(.init)
 .init          0x000000000002b5ec        0x4 /usr/local/gcc_arm/gcc-arm-none-eabi-7-2017-q4-major/bin/../lib/gcc/arm-none-eabi/7.2.1/thumb/v7e-m/fpv4-sp/hard/crti.o
                0x000000000002b5ec                _init
 .init          0x000000000002b5f0        0x8 /usr/local/gcc_arm/gcc-arm-none-eabi-7-2017-q4-major/bin/../lib/gcc/arm-none-eabi/7.2.1/thumb/v7e-m/fpv4-sp/hard/crtn.o
 *(.fini)
 .fini          0x000000000002b5f8        0x4 /usr/local/gcc_arm/gcc-arm-none-eabi-7-2017-q4-major/bin/../lib/gcc/arm-none-eabi/7.2.1/thumb/v7e-m/fpv4-sp/hard/crti.o
                0x000000000002b5f8                _fini
 .fini          0x000000000002b5fc        0x8 /usr/local/gcc_arm/gcc-arm-none-eabi-7-2017-q4-major/bin/../lib/gcc/arm-none-eabi/7.2.1/thumb/v7e-m/fpv4-sp/hard/crtn.o
 *crtbegin.o(.ctors)
 *crtbegin?.o(.ctors)
 *(EXCLUDE_FILE(*crtend.o *crtend?.o) .ctors)
 *(SORT_BY_NAME(.ctors.*))
 *(.ctors)
 *crtbegin.o(.dtors)
 *crtbegin?.o(.dtors)
 *(EXCLUDE_FILE(*crtend.o *crtend?.o) .dtors)
 *(SORT_BY_NAME(.dtors.*))
 *(.dtors)
 *(.rodata*)
 .rodata        0x000000000002b604       0x20 _build/nrf52832_xxaa/nrf_log_backend_uart.c.o
 .rodata.nrf_log_backend_uart_api
                0x000000000002b624        0xc _build/nrf52832_xxaa/nrf_log_backend_uart.c.o
                0x000000000002b624                nrf_log_backend_uart_api
 .rodata.mempool
                0x000000000002b630       0x14 _build/nrf52832_xxaa/nrf_log_frontend.c.o
 .rodata.str1.4
                0x000000000002b644        0x4 _build/nrf52832_xxaa/nrf_log_frontend.c.o
 .rodata.m_colors
                0x000000000002b648       0x24 _build/nrf52832_xxaa/nrf_log_str_formatter.c.o
 .rodata.nrf_log_hexdump_entry_process.str1.4
                0x000000000002b66c       0x13 _build/nrf52832_xxaa/nrf_log_str_formatter.c.o
                                         0x16 (size before relaxing)
 *fill*         0x000000000002b67f        0x1 
 .rodata.nrf_log_std_entry_process.str1.4
                0x000000000002b680       0x1b _build/nrf52832_xxaa/nrf_log_str_formatter.c.o
 *fill*         0x000000000002b69b        0x1 
 .rodata.severity_names
                0x000000000002b69c       0x14 _build/nrf52832_xxaa/nrf_log_str_formatter.c.o
 .rodata.str1.4
                0x000000000002b6b0       0x5e _build/nrf52832_xxaa/nrf_log_str_formatter.c.o
 *fill*         0x000000000002b70e        0x2 
 .rodata.app_error_fault_handler.str1.4
                0x000000000002b710       0x19 _build/nrf52832_xxaa/app_error_weak.c.o
 *fill*         0x000000000002b729        0x3 
 .rodata.str1.4
                0x000000000002b72c        0x7 _build/nrf52832_xxaa/nrf_balloc.c.o
 *fill*         0x000000000002b733        0x1 
 .rodata._aV2C.7959
                0x000000000002b734       0x10 _build/nrf52832_xxaa/nrf_fprintf_format.c.o
 .rodata.str1.4
                0x000000000002b744        0x9 _build/nrf52832_xxaa/nrf_pwr_mgmt.c.o
 *fill*         0x000000000002b74d        0x3 
 .rodata.m_unknown_str
                0x000000000002b750       0x13 _build/nrf52832_xxaa/nrf_strerror.c.o
 *fill*         0x000000000002b763        0x1 
 .rodata.nrf_strerror_array
                0x000000000002b764       0xf0 _build/nrf52832_xxaa/nrf_strerror.c.o
 .rodata.str1.4
                0x000000000002b854      0x308 _build/nrf52832_xxaa/nrf_strerror.c.o
 .rodata.str1.4
                0x000000000002bb5c        0x6 _build/nrf52832_xxaa/nrf_drv_clock.c.o
 *fill*         0x000000000002bb62        0x2 
 .rodata.str1.4
                0x000000000002bb64        0x7 _build/nrf52832_xxaa/nrf_drv_gpiote.c.o
 *fill*         0x000000000002bb6b        0x1 
 .rodata.str1.4
                0x000000000002bb6c        0x5 _build/nrf52832_xxaa/nrf_drv_uart.c.o
 *fill*         0x000000000002bb71        0x3 
 .rodata.str1.4
                0x000000000002bb74        0x4 _build/nrf52832_xxaa/nrf_drv_spi.c.o
 .rodata        0x000000000002bb78       0x10 _build/nrf52832_xxaa/project_init.c.o
 .rodata.st7586_spi
                0x000000000002bb88        0x8 _build/nrf52832_xxaa/project_init.c.o
 .rodata.check_timer
                0x000000000002bb90        0x4 _build/nrf52832_xxaa/project_timer.c.o
 .rodata.energy_timer
                0x000000000002bb94        0x4 _build/nrf52832_xxaa/project_timer.c.o
 .rodata.map_timer
                0x000000000002bb98        0x4 _build/nrf52832_xxaa/project_timer.c.o
 .rodata.ble_evt_handler.str1.4
                0x000000000002bb9c       0x19 _build/nrf52832_xxaa/project_ble.c.o
 *fill*         0x000000000002bbb5        0x3 
 .rodata.gap_params_init.str1.4
                0x000000000002bbb8        0x9 _build/nrf52832_xxaa/project_ble.c.o
 *fill*         0x000000000002bbc1        0x3 
 .rodata.nrf_ble_gatt_on_ble_evt.str1.4
                0x000000000002bbc4      0x130 _build/nrf52832_xxaa/nrf_ble_gatt.c.o
 .rodata.str1.4
                0x000000000002bcf4        0x9 _build/nrf52832_xxaa/nrf_ble_gatt.c.o
 *fill*         0x000000000002bcfd        0x3 
 .rodata        0x000000000002bd00       0x10 _build/nrf52832_xxaa/ble_lbs.c.o
 .rodata        0x000000000002bd10        0x4 _build/nrf52832_xxaa/nrf_sdh.c.o
 .rodata.sdh_req_observers
                0x000000000002bd14        0xc _build/nrf52832_xxaa/nrf_sdh.c.o
 .rodata.sdh_stack_observers
                0x000000000002bd20        0xc _build/nrf52832_xxaa/nrf_sdh.c.o
 .rodata.sdh_state_observers
                0x000000000002bd2c        0xc _build/nrf52832_xxaa/nrf_sdh.c.o
 .rodata.str1.4
                0x000000000002bd38        0x8 _build/nrf52832_xxaa/nrf_sdh.c.o
 .rodata.nrf_sdh_ble_default_cfg_set.str1.4
                0x000000000002bd40      0x187 _build/nrf52832_xxaa/nrf_sdh_ble.c.o
 *fill*         0x000000000002bec7        0x1 
 .rodata.nrf_sdh_ble_enable.str1.4
                0x000000000002bec8       0x71 _build/nrf52832_xxaa/nrf_sdh_ble.c.o
 *fill*         0x000000000002bf39        0x3 
 .rodata.sdh_ble_observers
                0x000000000002bf3c        0xc _build/nrf52832_xxaa/nrf_sdh_ble.c.o
 .rodata.str1.4
                0x000000000002bf48        0xc _build/nrf52832_xxaa/nrf_sdh_ble.c.o
 .rodata.sdh_soc_observers
                0x000000000002bf54        0xc _build/nrf52832_xxaa/nrf_sdh_soc.c.o
 .rodata.str1.4
                0x000000000002bf60        0xc _build/nrf52832_xxaa/nrf_sdh_soc.c.o
 .rodata._global_impure_ptr
                0x000000000002bf6c        0x4 /usr/local/gcc_arm/gcc-arm-none-eabi-7-2017-q4-major/bin/../lib/gcc/arm-none-eabi/7.2.1/../../../../arm-none-eabi/lib/thumb/v7e-m/fpv4-sp/hard/libc_nano.a(lib_a-impure.o)
                0x000000000002bf6c                _global_impure_ptr
 .rodata._setlocale_r.str1.1
                0x000000000002bf70        0x8 /usr/local/gcc_arm/gcc-arm-none-eabi-7-2017-q4-major/bin/../lib/gcc/arm-none-eabi/7.2.1/../../../../arm-none-eabi/lib/thumb/v7e-m/fpv4-sp/hard/libc_nano.a(lib_a-locale.o)
                                          0x9 (size before relaxing)
 .rodata.str1.1
                0x000000000002bf78        0x2 /usr/local/gcc_arm/gcc-arm-none-eabi-7-2017-q4-major/bin/../lib/gcc/arm-none-eabi/7.2.1/../../../../arm-none-eabi/lib/thumb/v7e-m/fpv4-sp/hard/libc_nano.a(lib_a-locale.o)
 .rodata._ctype_
                0x000000000002bf7a      0x101 /usr/local/gcc_arm/gcc-arm-none-eabi-7-2017-q4-major/bin/../lib/gcc/arm-none-eabi/7.2.1/../../../../arm-none-eabi/lib/thumb/v7e-m/fpv4-sp/hard/libc_nano.a(lib_a-ctype_.o)
                0x000000000002bf7a                _ctype_
 *(.eh_frame*)
 *fill*         0x000000000002c07b        0x1 
 .eh_frame      0x000000000002c07c        0x0 /usr/local/gcc_arm/gcc-arm-none-eabi-7-2017-q4-major/bin/../lib/gcc/arm-none-eabi/7.2.1/thumb/v7e-m/fpv4-sp/hard/crtbegin.o
 .eh_frame      0x000000000002c07c        0x4 /usr/local/gcc_arm/gcc-arm-none-eabi-7-2017-q4-major/bin/../lib/gcc/arm-none-eabi/7.2.1/thumb/v7e-m/fpv4-sp/hard/crtend.o

.glue_7         0x000000000002c080        0x0
 .glue_7        0x000000000002c080        0x0 linker stubs

.glue_7t        0x000000000002c080        0x0
 .glue_7t       0x000000000002c080        0x0 linker stubs

.vfp11_veneer   0x000000000002c080        0x0
 .vfp11_veneer  0x000000000002c080        0x0 linker stubs

.v4_bx          0x000000000002c080        0x0
 .v4_bx         0x000000000002c080        0x0 linker stubs

.iplt           0x000000000002c080        0x0
 .iplt          0x000000000002c080        0x0 /usr/local/gcc_arm/gcc-arm-none-eabi-7-2017-q4-major/bin/../lib/gcc/arm-none-eabi/7.2.1/thumb/v7e-m/fpv4-sp/hard/crtbegin.o

.mem_section_dummy_rom

.sdh_soc_observers
                0x000000000002c080        0x8
                0x000000000002c080                PROVIDE (__start_sdh_soc_observers, .)
 *(SORT_BY_NAME(.sdh_soc_observers*))
 .sdh_soc_observers0
                0x000000000002c080        0x8 _build/nrf52832_xxaa/nrf_drv_clock.c.o
                0x000000000002c088                PROVIDE (__stop_sdh_soc_observers, .)

.pwr_mgmt_data  0x000000000002c088        0x0
                0x000000000002c088                PROVIDE (__start_pwr_mgmt_data, .)
 *(SORT_BY_NAME(.pwr_mgmt_data*))
                0x000000000002c088                PROVIDE (__stop_pwr_mgmt_data, .)

.sdh_ble_observers
                0x000000000002c088       0x28
                0x000000000002c088                PROVIDE (__start_sdh_ble_observers, .)
 *(SORT_BY_NAME(.sdh_ble_observers*))
 .sdh_ble_observers0
                0x000000000002c088        0x8 _build/nrf52832_xxaa/ble_conn_state.c.o
 .sdh_ble_observers1
                0x000000000002c090        0x8 _build/nrf52832_xxaa/project_ble.c.o
 .sdh_ble_observers1
                0x000000000002c098        0x8 _build/nrf52832_xxaa/ble_conn_params.c.o
 .sdh_ble_observers2
                0x000000000002c0a0        0x8 _build/nrf52832_xxaa/project_ble.c.o
 .sdh_ble_observers3
                0x000000000002c0a8        0x8 _build/nrf52832_xxaa/project_ble.c.o
                0x000000000002c0b0                PROVIDE (__stop_sdh_ble_observers, .)

.log_const_data
                0x000000000002c0b0       0x58
                0x000000000002c0b0                PROVIDE (__start_log_const_data, .)
 *(SORT_BY_NAME(.log_const_data*))
 .log_const_data_app
                0x000000000002c0b0        0x8 _build/nrf52832_xxaa/nrf_log_frontend.c.o
                0x000000000002c0b0                m_nrf_log_app_logs_data_const
 .log_const_data_balloc
                0x000000000002c0b8        0x8 _build/nrf52832_xxaa/nrf_balloc.c.o
                0x000000000002c0b8                m_nrf_log_balloc_logs_data_const
 .log_const_data_ble_gatt
                0x000000000002c0c0        0x8 _build/nrf52832_xxaa/nrf_ble_gatt.c.o
                0x000000000002c0c0                m_nrf_log_ble_gatt_logs_data_const
 .log_const_data_clock
                0x000000000002c0c8        0x8 _build/nrf52832_xxaa/nrf_drv_clock.c.o
                0x000000000002c0c8                m_nrf_log_clock_logs_data_const
 .log_const_data_gpiote
                0x000000000002c0d0        0x8 _build/nrf52832_xxaa/nrf_drv_gpiote.c.o
                0x000000000002c0d0                m_nrf_log_gpiote_logs_data_const
 .log_const_data_nrf_sdh
                0x000000000002c0d8        0x8 _build/nrf52832_xxaa/nrf_sdh.c.o
                0x000000000002c0d8                m_nrf_log_nrf_sdh_logs_data_const
 .log_const_data_nrf_sdh_ble
                0x000000000002c0e0        0x8 _build/nrf52832_xxaa/nrf_sdh_ble.c.o
                0x000000000002c0e0                m_nrf_log_nrf_sdh_ble_logs_data_const
 .log_const_data_nrf_sdh_soc
                0x000000000002c0e8        0x8 _build/nrf52832_xxaa/nrf_sdh_soc.c.o
                0x000000000002c0e8                m_nrf_log_nrf_sdh_soc_logs_data_const
 .log_const_data_pwr_mgmt
                0x000000000002c0f0        0x8 _build/nrf52832_xxaa/nrf_pwr_mgmt.c.o
                0x000000000002c0f0                m_nrf_log_pwr_mgmt_logs_data_const
 .log_const_data_spi
                0x000000000002c0f8        0x8 _build/nrf52832_xxaa/nrf_drv_spi.c.o
                0x000000000002c0f8                m_nrf_log_spi_logs_data_const
 .log_const_data_uart
                0x000000000002c100        0x8 _build/nrf52832_xxaa/nrf_drv_uart.c.o
                0x000000000002c100                m_nrf_log_uart_logs_data_const
                0x000000000002c108                PROVIDE (__stop_log_const_data, .)

.sdh_req_observers
                0x000000000002c108        0x0
                0x000000000002c108                PROVIDE (__start_sdh_req_observers, .)
 *(SORT_BY_NAME(.sdh_req_observers*))
                0x000000000002c108                PROVIDE (__stop_sdh_req_observers, .)

.sdh_state_observers
                0x000000000002c108        0x8
                0x000000000002c108                PROVIDE (__start_sdh_state_observers, .)
 *(SORT_BY_NAME(.sdh_state_observers*))
 .sdh_state_observers0
                0x000000000002c108        0x8 _build/nrf52832_xxaa/nrf_drv_clock.c.o
                0x000000000002c110                PROVIDE (__stop_sdh_state_observers, .)

.sdh_stack_observers
                0x000000000002c110       0x10
                0x000000000002c110                PROVIDE (__start_sdh_stack_observers, .)
 *(SORT_BY_NAME(.sdh_stack_observers*))
 .sdh_stack_observers0
                0x000000000002c110        0x8 _build/nrf52832_xxaa/nrf_sdh_ble.c.o
 .sdh_stack_observers0
                0x000000000002c118        0x8 _build/nrf52832_xxaa/nrf_sdh_soc.c.o
                0x000000000002c120                PROVIDE (__stop_sdh_stack_observers, .)

.cli_command    0x000000000002c120        0x0
                [!provide]                        PROVIDE (__start_cli_command, .)
 *(.cli_command)
                [!provide]                        PROVIDE (__stop_cli_command, .)

.ARM.extab
 *(.ARM.extab* .gnu.linkonce.armextab.*)
                0x000000000002c120                __exidx_start = .

.ARM.exidx      0x000000000002c120        0x8
 *(.ARM.exidx* .gnu.linkonce.armexidx.*)
 .ARM.exidx     0x000000000002c120        0x8 /usr/local/gcc_arm/gcc-arm-none-eabi-7-2017-q4-major/bin/../lib/gcc/arm-none-eabi/7.2.1/../../../../arm-none-eabi/lib/thumb/v7e-m/fpv4-sp/hard/crt0.o
                0x000000000002c128                __exidx_end = .
                0x000000000002c128                __etext = .

.rel.dyn        0x000000000002c128        0x0
 .rel.iplt      0x000000000002c128        0x0 /usr/local/gcc_arm/gcc-arm-none-eabi-7-2017-q4-major/bin/../lib/gcc/arm-none-eabi/7.2.1/thumb/v7e-m/fpv4-sp/hard/crtbegin.o

.data           0x0000000020002180      0x210 load address 0x000000000002c128
                0x0000000020002180                __data_start__ = .
 *(vtable)
 *(.data*)
 .data.m_uart   0x0000000020002180        0x8 _build/nrf52832_xxaa/nrf_log_backend_uart.c.o
                0x0000000020002180                m_uart
 .data.uart_log_backend
                0x0000000020002188        0xc _build/nrf52832_xxaa/nrf_log_default_backends.c.o
 .data.circle_x
                0x0000000020002194        0x4 _build/nrf52832_xxaa/project_drawing.c.o
                0x0000000020002194                circle_x
 .data.circle_y
                0x0000000020002198        0x4 _build/nrf52832_xxaa/project_drawing.c.o
                0x0000000020002198                circle_y
 .data.energy_start
                0x000000002000219c        0x4 _build/nrf52832_xxaa/project_drawing.c.o
                0x000000002000219c                energy_start
 .data.stage_clear_mark_x
                0x00000000200021a0        0x4 _build/nrf52832_xxaa/project_drawing.c.o
                0x00000000200021a0                stage_clear_mark_x
 .data.start_x  0x00000000200021a4        0x4 _build/nrf52832_xxaa/project_drawing.c.o
                0x00000000200021a4                start_x
 .data.start_y  0x00000000200021a8        0x4 _build/nrf52832_xxaa/project_drawing.c.o
                0x00000000200021a8                start_y
 .data.wid.11714
                0x00000000200021ac        0x4 _build/nrf52832_xxaa/project_drawing.c.o
 .data.m_conn_handle
                0x00000000200021b0        0x2 _build/nrf52832_xxaa/project_ble.c.o
 *fill*         0x00000000200021b2        0x2 
 .data.SystemCoreClock
                0x00000000200021b4        0x4 _build/nrf52832_xxaa/system_nrf52.c.o
                0x00000000200021b4                SystemCoreClock
 .data._impure_ptr
                0x00000000200021b8        0x4 /usr/local/gcc_arm/gcc-arm-none-eabi-7-2017-q4-major/bin/../lib/gcc/arm-none-eabi/7.2.1/../../../../arm-none-eabi/lib/thumb/v7e-m/fpv4-sp/hard/libc_nano.a(lib_a-impure.o)
                0x00000000200021b8                _impure_ptr
 .data.impure_data
                0x00000000200021bc       0x60 /usr/local/gcc_arm/gcc-arm-none-eabi-7-2017-q4-major/bin/../lib/gcc/arm-none-eabi/7.2.1/../../../../arm-none-eabi/lib/thumb/v7e-m/fpv4-sp/hard/libc_nano.a(lib_a-impure.o)
 .data.__global_locale
                0x000000002000221c      0x16c /usr/local/gcc_arm/gcc-arm-none-eabi-7-2017-q4-major/bin/../lib/gcc/arm-none-eabi/7.2.1/../../../../arm-none-eabi/lib/thumb/v7e-m/fpv4-sp/hard/libc_nano.a(lib_a-locale.o)
                0x000000002000221c                __global_locale
                0x0000000020002388                . = ALIGN (0x4)
                0x0000000020002388                PROVIDE (__preinit_array_start, .)
 *(.preinit_array)
                0x0000000020002388                PROVIDE (__preinit_array_end, .)
                0x0000000020002388                . = ALIGN (0x4)
                0x0000000020002388                PROVIDE (__init_array_start, .)
 *(SORT_BY_NAME(.init_array.*))
 *(.init_array)
 .init_array    0x0000000020002388        0x4 /usr/local/gcc_arm/gcc-arm-none-eabi-7-2017-q4-major/bin/../lib/gcc/arm-none-eabi/7.2.1/thumb/v7e-m/fpv4-sp/hard/crtbegin.o
                0x000000002000238c                PROVIDE (__init_array_end, .)
                0x000000002000238c                . = ALIGN (0x4)
                [!provide]                        PROVIDE (__fini_array_start, .)
 *(SORT_BY_NAME(.fini_array.*))
 *(.fini_array)
 .fini_array    0x000000002000238c        0x4 /usr/local/gcc_arm/gcc-arm-none-eabi-7-2017-q4-major/bin/../lib/gcc/arm-none-eabi/7.2.1/thumb/v7e-m/fpv4-sp/hard/crtbegin.o
                [!provide]                        PROVIDE (__fini_array_end, .)
 *(.jcr*)
                0x0000000020002390                . = ALIGN (0x4)
                0x0000000020002390                __data_end__ = .
LOAD /usr/local/gcc_arm/gcc-arm-none-eabi-7-2017-q4-major/bin/../lib/gcc/arm-none-eabi/7.2.1/thumb/v7e-m/fpv4-sp/hard/crti.o
LOAD /usr/local/gcc_arm/gcc-arm-none-eabi-7-2017-q4-major/bin/../lib/gcc/arm-none-eabi/7.2.1/thumb/v7e-m/fpv4-sp/hard/crtbegin.o
LOAD /usr/local/gcc_arm/gcc-arm-none-eabi-7-2017-q4-major/bin/../lib/gcc/arm-none-eabi/7.2.1/../../../../arm-none-eabi/lib/thumb/v7e-m/fpv4-sp/hard/crt0.o
LOAD _build/nrf52832_xxaa/nrf_log_backend_rtt.c.o
LOAD _build/nrf52832_xxaa/nrf_log_backend_serial.c.o
LOAD _build/nrf52832_xxaa/nrf_log_backend_uart.c.o
LOAD _build/nrf52832_xxaa/nrf_log_default_backends.c.o
LOAD _build/nrf52832_xxaa/nrf_log_frontend.c.o
LOAD _build/nrf52832_xxaa/nrf_log_str_formatter.c.o
LOAD _build/nrf52832_xxaa/app_button.c.o
LOAD _build/nrf52832_xxaa/app_error.c.o
LOAD _build/nrf52832_xxaa/app_error_weak.c.o
LOAD _build/nrf52832_xxaa/app_scheduler.c.o
LOAD _build/nrf52832_xxaa/app_timer.c.o
LOAD _build/nrf52832_xxaa/app_util_platform.c.o
LOAD _build/nrf52832_xxaa/hardfault_implementation.c.o
LOAD _build/nrf52832_xxaa/nrf_assert.c.o
LOAD _build/nrf52832_xxaa/nrf_atfifo.c.o
LOAD _build/nrf52832_xxaa/nrf_balloc.c.o
LOAD _build/nrf52832_xxaa/nrf_fprintf.c.o
LOAD _build/nrf52832_xxaa/nrf_fprintf_format.c.o
LOAD _build/nrf52832_xxaa/nrf_memobj.c.o
LOAD _build/nrf52832_xxaa/nrf_pwr_mgmt.c.o
LOAD _build/nrf52832_xxaa/nrf_section_iter.c.o
LOAD _build/nrf52832_xxaa/nrf_strerror.c.o
LOAD _build/nrf52832_xxaa/sdk_mapped_flags.c.o
LOAD _build/nrf52832_xxaa/boards.c.o
LOAD _build/nrf52832_xxaa/nrf_drv_clock.c.o
LOAD _build/nrf52832_xxaa/nrf_drv_common.c.o
LOAD _build/nrf52832_xxaa/nrf_drv_gpiote.c.o
LOAD _build/nrf52832_xxaa/nrf_drv_uart.c.o
LOAD _build/nrf52832_xxaa/nrf_drv_spi.c.o
LOAD _build/nrf52832_xxaa/bsp.c.o
LOAD _build/nrf52832_xxaa/bsp_nfc.c.o
LOAD _build/nrf52832_xxaa/main.c.o
LOAD _build/nrf52832_xxaa/project_init.c.o
LOAD _build/nrf52832_xxaa/project_drawing.c.o
LOAD _build/nrf52832_xxaa/project_timer.c.o
LOAD _build/nrf52832_xxaa/project_ble.c.o
LOAD _build/nrf52832_xxaa/project_stage.c.o
LOAD _build/nrf52832_xxaa/SEGGER_RTT.c.o
LOAD _build/nrf52832_xxaa/SEGGER_RTT_Syscalls_GCC.c.o
LOAD _build/nrf52832_xxaa/SEGGER_RTT_printf.c.o
LOAD _build/nrf52832_xxaa/ble_advdata.c.o
LOAD _build/nrf52832_xxaa/ble_conn_params.c.o
LOAD _build/nrf52832_xxaa/ble_conn_state.c.o
LOAD _build/nrf52832_xxaa/ble_srv_common.c.o
LOAD _build/nrf52832_xxaa/nrf_ble_gatt.c.o
LOAD _build/nrf52832_xxaa/gcc_startup_nrf52.S.o
LOAD _build/nrf52832_xxaa/system_nrf52.c.o
LOAD _build/nrf52832_xxaa/ble_lbs.c.o
LOAD _build/nrf52832_xxaa/nrf_sdh.c.o
LOAD _build/nrf52832_xxaa/nrf_sdh_ble.c.o
LOAD _build/nrf52832_xxaa/nrf_sdh_soc.c.o
LOAD /usr/local/gcc_arm/gcc-arm-none-eabi-7-2017-q4-major/bin/../lib/gcc/arm-none-eabi/7.2.1/../../../../arm-none-eabi/lib/thumb/v7e-m/fpv4-sp/hard/libc_nano.a
LOAD /usr/local/gcc_arm/gcc-arm-none-eabi-7-2017-q4-major/bin/../lib/gcc/arm-none-eabi/7.2.1/../../../../arm-none-eabi/lib/thumb/v7e-m/fpv4-sp/hard/libnosys.a
LOAD /usr/local/gcc_arm/gcc-arm-none-eabi-7-2017-q4-major/bin/../lib/gcc/arm-none-eabi/7.2.1/../../../../arm-none-eabi/lib/thumb/v7e-m/fpv4-sp/hard/libm.a
START GROUP
LOAD /usr/local/gcc_arm/gcc-arm-none-eabi-7-2017-q4-major/bin/../lib/gcc/arm-none-eabi/7.2.1/thumb/v7e-m/fpv4-sp/hard/libgcc.a
LOAD /usr/local/gcc_arm/gcc-arm-none-eabi-7-2017-q4-major/bin/../lib/gcc/arm-none-eabi/7.2.1/../../../../arm-none-eabi/lib/thumb/v7e-m/fpv4-sp/hard/libg_nano.a
LOAD /usr/local/gcc_arm/gcc-arm-none-eabi-7-2017-q4-major/bin/../lib/gcc/arm-none-eabi/7.2.1/../../../../arm-none-eabi/lib/thumb/v7e-m/fpv4-sp/hard/libc_nano.a
END GROUP
START GROUP
LOAD /usr/local/gcc_arm/gcc-arm-none-eabi-7-2017-q4-major/bin/../lib/gcc/arm-none-eabi/7.2.1/thumb/v7e-m/fpv4-sp/hard/libgcc.a
LOAD /usr/local/gcc_arm/gcc-arm-none-eabi-7-2017-q4-major/bin/../lib/gcc/arm-none-eabi/7.2.1/../../../../arm-none-eabi/lib/thumb/v7e-m/fpv4-sp/hard/libc_nano.a
END GROUP
LOAD /usr/local/gcc_arm/gcc-arm-none-eabi-7-2017-q4-major/bin/../lib/gcc/arm-none-eabi/7.2.1/thumb/v7e-m/fpv4-sp/hard/crtend.o
LOAD /usr/local/gcc_arm/gcc-arm-none-eabi-7-2017-q4-major/bin/../lib/gcc/arm-none-eabi/7.2.1/thumb/v7e-m/fpv4-sp/hard/crtn.o
START GROUP
LOAD /usr/local/gcc_arm/gcc-arm-none-eabi-7-2017-q4-major/bin/../lib/gcc/arm-none-eabi/7.2.1/thumb/v7e-m/fpv4-sp/hard/libgcc.a
LOAD /usr/local/gcc_arm/gcc-arm-none-eabi-7-2017-q4-major/bin/../lib/gcc/arm-none-eabi/7.2.1/../../../../arm-none-eabi/lib/thumb/v7e-m/fpv4-sp/hard/libc.a
LOAD /usr/local/gcc_arm/gcc-arm-none-eabi-7-2017-q4-major/bin/../lib/gcc/arm-none-eabi/7.2.1/../../../../arm-none-eabi/lib/thumb/v7e-m/fpv4-sp/hard/libnosys.a
END GROUP

.igot.plt       0x0000000020002390        0x0 load address 0x000000000002c338
 .igot.plt      0x0000000020002390        0x0 /usr/local/gcc_arm/gcc-arm-none-eabi-7-2017-q4-major/bin/../lib/gcc/arm-none-eabi/7.2.1/thumb/v7e-m/fpv4-sp/hard/crtbegin.o
                0x0000000020002390                . = ALIGN (0x4)

.mem_section_dummy_ram

.log_dynamic_data
                0x0000000020002390       0x84 load address 0x000000000002c338
                0x0000000020002390                PROVIDE (__start_log_dynamic_data, .)
 *(SORT_BY_NAME(.log_dynamic_data*))
 .log_dynamic_data_app
                0x0000000020002390        0xc _build/nrf52832_xxaa/nrf_log_frontend.c.o
                0x0000000020002390                m_nrf_log_app_logs_data_dynamic
 .log_dynamic_data_balloc
                0x000000002000239c        0xc _build/nrf52832_xxaa/nrf_balloc.c.o
                0x000000002000239c                m_nrf_log_balloc_logs_data_dynamic
 .log_dynamic_data_ble_gatt
                0x00000000200023a8        0xc _build/nrf52832_xxaa/nrf_ble_gatt.c.o
                0x00000000200023a8                m_nrf_log_ble_gatt_logs_data_dynamic
 .log_dynamic_data_clock
                0x00000000200023b4        0xc _build/nrf52832_xxaa/nrf_drv_clock.c.o
                0x00000000200023b4                m_nrf_log_clock_logs_data_dynamic
 .log_dynamic_data_gpiote
                0x00000000200023c0        0xc _build/nrf52832_xxaa/nrf_drv_gpiote.c.o
                0x00000000200023c0                m_nrf_log_gpiote_logs_data_dynamic
 .log_dynamic_data_nrf_sdh
                0x00000000200023cc        0xc _build/nrf52832_xxaa/nrf_sdh.c.o
                0x00000000200023cc                m_nrf_log_nrf_sdh_logs_data_dynamic
 .log_dynamic_data_nrf_sdh_ble
                0x00000000200023d8        0xc _build/nrf52832_xxaa/nrf_sdh_ble.c.o
                0x00000000200023d8                m_nrf_log_nrf_sdh_ble_logs_data_dynamic
 .log_dynamic_data_nrf_sdh_soc
                0x00000000200023e4        0xc _build/nrf52832_xxaa/nrf_sdh_soc.c.o
                0x00000000200023e4                m_nrf_log_nrf_sdh_soc_logs_data_dynamic
 .log_dynamic_data_pwr_mgmt
                0x00000000200023f0        0xc _build/nrf52832_xxaa/nrf_pwr_mgmt.c.o
                0x00000000200023f0                m_nrf_log_pwr_mgmt_logs_data_dynamic
 .log_dynamic_data_spi
                0x00000000200023fc        0xc _build/nrf52832_xxaa/nrf_drv_spi.c.o
                0x00000000200023fc                m_nrf_log_spi_logs_data_dynamic
 .log_dynamic_data_uart
                0x0000000020002408        0xc _build/nrf52832_xxaa/nrf_drv_uart.c.o
                0x0000000020002408                m_nrf_log_uart_logs_data_dynamic
                [!provide]                        PROVIDE (__stop_log_dynamic_data, .)

.cli_sorted_cmd_ptrs
                0x0000000020002414        0x0
                [!provide]                        PROVIDE (__start_cli_sorted_cmd_ptrs, .)
 *(.cli_sorted_cmd_ptrs)
                [!provide]                        PROVIDE (__stop_cli_sorted_cmd_ptrs, .)

.fs_data        0x0000000020002414        0x0
                [!provide]                        PROVIDE (__start_fs_data, .)
 *(.fs_data)
                [!provide]                        PROVIDE (__stop_fs_data, .)

.bss            0x0000000020002414     0x8194 load address 0x000000000002c3bc
                0x0000000020002414                . = ALIGN (0x4)
                0x0000000020002414                __bss_start__ = .
 *(.bss*)
 .bss           0x0000000020002414       0x1c /usr/local/gcc_arm/gcc-arm-none-eabi-7-2017-q4-major/bin/../lib/gcc/arm-none-eabi/7.2.1/thumb/v7e-m/fpv4-sp/hard/crtbegin.o
 .bss.m_async_mode
                0x0000000020002430        0x1 _build/nrf52832_xxaa/nrf_log_backend_uart.c.o
 *fill*         0x0000000020002431        0x3 
 .bss.m_string_buff
                0x0000000020002434       0x40 _build/nrf52832_xxaa/nrf_log_backend_uart.c.o
 .bss.m_xfer_done
                0x0000000020002474        0x1 _build/nrf52832_xxaa/nrf_log_backend_uart.c.o
 *fill*         0x0000000020002475        0x3 
 .bss.m_log_data
                0x0000000020002478      0x420 _build/nrf52832_xxaa/nrf_log_frontend.c.o
 .bss.mempool_nrf_balloc_cb
                0x0000000020002898        0x8 _build/nrf52832_xxaa/nrf_log_frontend.c.o
 .bss.mempool_nrf_balloc_pool_mem
                0x00000000200028a0       0xc0 _build/nrf52832_xxaa/nrf_log_frontend.c.o
 .bss.mempool_nrf_balloc_pool_stack
                0x0000000020002960        0x8 _build/nrf52832_xxaa/nrf_log_frontend.c.o
 .bss.m_button_count
                0x0000000020002968        0x1 _build/nrf52832_xxaa/app_button.c.o
 *fill*         0x0000000020002969        0x3 
 .bss.m_detection_delay_timer_id_data
                0x000000002000296c       0x20 _build/nrf52832_xxaa/app_button.c.o
 .bss.mp_buttons
                0x000000002000298c        0x4 _build/nrf52832_xxaa/app_button.c.o
 .bss.m_queue_end_index
                0x0000000020002990        0x1 _build/nrf52832_xxaa/app_scheduler.c.o
 *fill*         0x0000000020002991        0x3 
 .bss.m_queue_event_data
                0x0000000020002994        0x4 _build/nrf52832_xxaa/app_scheduler.c.o
 .bss.m_queue_event_headers
                0x0000000020002998        0x4 _build/nrf52832_xxaa/app_scheduler.c.o
 .bss.m_queue_event_size
                0x000000002000299c        0x2 _build/nrf52832_xxaa/app_scheduler.c.o
 .bss.m_queue_size
                0x000000002000299e        0x2 _build/nrf52832_xxaa/app_scheduler.c.o
 .bss.m_queue_start_index
                0x00000000200029a0        0x1 _build/nrf52832_xxaa/app_scheduler.c.o
 *fill*         0x00000000200029a1        0x3 
 .bss.m_op_queue
                0x00000000200029a4      0x10c _build/nrf52832_xxaa/app_timer.c.o
 .bss.m_rtc1_reset
                0x0000000020002ab0        0x1 _build/nrf52832_xxaa/app_timer.c.o
 .bss.m_rtc1_running
                0x0000000020002ab1        0x1 _build/nrf52832_xxaa/app_timer.c.o
 *fill*         0x0000000020002ab2        0x2 
 .bss.m_ticks_elapsed
                0x0000000020002ab4        0x8 _build/nrf52832_xxaa/app_timer.c.o
 .bss.m_ticks_elapsed_q_read_ind
                0x0000000020002abc        0x1 _build/nrf52832_xxaa/app_timer.c.o
 .bss.m_ticks_elapsed_q_write_ind
                0x0000000020002abd        0x1 _build/nrf52832_xxaa/app_timer.c.o
 *fill*         0x0000000020002abe        0x2 
 .bss.m_ticks_latest
                0x0000000020002ac0        0x4 _build/nrf52832_xxaa/app_timer.c.o
 .bss.mp_timer_id_head
                0x0000000020002ac4        0x4 _build/nrf52832_xxaa/app_timer.c.o
 .bss.m_clock_cb
                0x0000000020002ac8       0x14 _build/nrf52832_xxaa/nrf_drv_clock.c.o
 .bss.m_cb      0x0000000020002adc       0x58 _build/nrf52832_xxaa/nrf_drv_gpiote.c.o
 .bss.m_cb      0x0000000020002b34       0x20 _build/nrf52832_xxaa/nrf_drv_uart.c.o
 .bss.m_cb      0x0000000020002b54       0x48 _build/nrf52832_xxaa/nrf_drv_spi.c.o
 .bss.APP_SCHED_BUF.11555
                0x0000000020002b9c      0xc90 _build/nrf52832_xxaa/main.c.o
 .bss.st7586_spi_xfer_done
                0x000000002000382c        0x1 _build/nrf52832_xxaa/project_init.c.o
 *fill*         0x000000002000382d        0x3 
 .bss.hei.11694
                0x0000000020003830        0x4 _build/nrf52832_xxaa/project_drawing.c.o
 .bss.hei.11705
                0x0000000020003834        0x4 _build/nrf52832_xxaa/project_drawing.c.o
 .bss.hei.11715
                0x0000000020003838        0x4 _build/nrf52832_xxaa/project_drawing.c.o
 .bss.i.11560   0x000000002000383c        0x4 _build/nrf52832_xxaa/project_drawing.c.o
 .bss.i.11599   0x0000000020003840        0x4 _build/nrf52832_xxaa/project_drawing.c.o
 .bss.i.11626   0x0000000020003844        0x4 _build/nrf52832_xxaa/project_drawing.c.o
 .bss.j.11561   0x0000000020003848        0x4 _build/nrf52832_xxaa/project_drawing.c.o
 .bss.j.11600   0x000000002000384c        0x4 _build/nrf52832_xxaa/project_drawing.c.o
 .bss.pix.11693
                0x0000000020003850        0x4 _build/nrf52832_xxaa/project_drawing.c.o
 .bss.pix.11704
                0x0000000020003854        0x4 _build/nrf52832_xxaa/project_drawing.c.o
 .bss.pix.11716
                0x0000000020003858        0x4 _build/nrf52832_xxaa/project_drawing.c.o
 .bss.temp_rec.11627
                0x000000002000385c        0x4 _build/nrf52832_xxaa/project_drawing.c.o
 .bss.temp_rec1.11628
                0x0000000020003860        0x4 _build/nrf52832_xxaa/project_drawing.c.o
 .bss.wid.11692
                0x0000000020003864        0x4 _build/nrf52832_xxaa/project_drawing.c.o
 .bss.wid.11703
                0x0000000020003868        0x4 _build/nrf52832_xxaa/project_drawing.c.o
 .bss.check_timer_data
                0x000000002000386c       0x20 _build/nrf52832_xxaa/project_timer.c.o
 .bss.energy_timer_data
                0x000000002000388c       0x20 _build/nrf52832_xxaa/project_timer.c.o
 .bss.flag.11567
                0x00000000200038ac        0x1 _build/nrf52832_xxaa/project_timer.c.o
 *fill*         0x00000000200038ad        0x3 
 .bss.i.11564   0x00000000200038b0        0x4 _build/nrf52832_xxaa/project_timer.c.o
 .bss.j.11565   0x00000000200038b4        0x4 _build/nrf52832_xxaa/project_timer.c.o
 .bss.map_timer_data
                0x00000000200038b8       0x20 _build/nrf52832_xxaa/project_timer.c.o
 .bss.m_gatt    0x00000000200038d8       0x14 _build/nrf52832_xxaa/project_ble.c.o
 .bss.m_lbs     0x00000000200038ec       0x18 _build/nrf52832_xxaa/project_ble.c.o
 .bss.m_conn_params_config
                0x0000000020003904       0x1c _build/nrf52832_xxaa/ble_conn_params.c.o
 .bss.m_conn_params_instances
                0x0000000020003920       0x14 _build/nrf52832_xxaa/ble_conn_params.c.o
 .bss.m_preferred_conn_params
                0x0000000020003934        0x8 _build/nrf52832_xxaa/ble_conn_params.c.o
 .bss.m_timer_data
                0x000000002000393c       0x20 _build/nrf52832_xxaa/ble_conn_params.c.o
 .bss.m_bcs     0x000000002000395c       0xb8 _build/nrf52832_xxaa/ble_conn_state.c.o
 .bss.m_nrf_sdh_continue
                0x0000000020003a14        0x1 _build/nrf52832_xxaa/nrf_sdh.c.o
 .bss.m_nrf_sdh_enabled
                0x0000000020003a15        0x1 _build/nrf52832_xxaa/nrf_sdh.c.o
 .bss.m_nrf_sdh_suspended
                0x0000000020003a16        0x1 _build/nrf52832_xxaa/nrf_sdh.c.o
 *(COMMON)
 *fill*         0x0000000020003a17        0x1 
 COMMON         0x0000000020003a18        0xc _build/nrf52832_xxaa/app_util_platform.c.o
                0x0000000020003a18                nrf_nvic_state
 COMMON         0x0000000020003a24     0x6b84 _build/nrf52832_xxaa/main.c.o
                0x0000000020003a24                STAGE_MARK_BOARD
                0x0000000020005504                CIRCLE_BOARD
                0x0000000020006fe4                RECTANGLE_BOARD
                0x0000000020008ac4                rx_data
                0x0000000020008ac8                LCD_BOARD
                0x000000002000a5a8                . = ALIGN (0x4)
                0x000000002000a5a8                __bss_end__ = .

.heap           0x000000002000a5a8     0x2000
                0x000000002000a5a8                __HeapBase = .
                0x000000002000a5a8                __end__ = .
                [!provide]                        PROVIDE (end, .)
 *(.heap*)
 .heap          0x000000002000a5a8     0x2000 _build/nrf52832_xxaa/gcc_startup_nrf52.S.o
                0x000000002000c5a8                __HeapLimit = .

.stack_dummy    0x000000002000a5a8     0x2000
 *(.stack*)
 .stack         0x000000002000a5a8     0x2000 _build/nrf52832_xxaa/gcc_startup_nrf52.S.o
                0x0000000020010000                __StackTop = (ORIGIN (RAM) + LENGTH (RAM))
                0x000000002000e000                __StackLimit = (__StackTop - SIZEOF (.stack_dummy))
                0x0000000020010000                PROVIDE (__stack, __StackTop)
                0x0000000000000001                ASSERT ((__StackLimit >= __HeapLimit), region RAM overflowed with stack)
                0x0000000000000294                DataInitFlashUsed = (__bss_start__ - __data_start__)
                0x0000000000009128                CodeFlashUsed = (__etext - ORIGIN (FLASH))
                0x00000000000093bc                TotalFlashUsed = (CodeFlashUsed + DataInitFlashUsed)
                0x0000000000000001                ASSERT ((TotalFlashUsed <= LENGTH (FLASH)), region FLASH overflowed with .data and user data)
OUTPUT(_build/nrf52832_xxaa.out elf32-littlearm)

.ARM.attributes
                0x0000000000000000       0x30
 .ARM.attributes
                0x0000000000000000       0x22 /usr/local/gcc_arm/gcc-arm-none-eabi-7-2017-q4-major/bin/../lib/gcc/arm-none-eabi/7.2.1/thumb/v7e-m/fpv4-sp/hard/crti.o
 .ARM.attributes
                0x0000000000000022       0x34 /usr/local/gcc_arm/gcc-arm-none-eabi-7-2017-q4-major/bin/../lib/gcc/arm-none-eabi/7.2.1/thumb/v7e-m/fpv4-sp/hard/crtbegin.o
 .ARM.attributes
                0x0000000000000056       0x20 /usr/local/gcc_arm/gcc-arm-none-eabi-7-2017-q4-major/bin/../lib/gcc/arm-none-eabi/7.2.1/../../../../arm-none-eabi/lib/thumb/v7e-m/fpv4-sp/hard/crt0.o
 .ARM.attributes
                0x0000000000000076       0x39 _build/nrf52832_xxaa/nrf_log_backend_serial.c.o
 .ARM.attributes
                0x00000000000000af       0x39 _build/nrf52832_xxaa/nrf_log_backend_uart.c.o
 .ARM.attributes
                0x00000000000000e8       0x39 _build/nrf52832_xxaa/nrf_log_default_backends.c.o
 .ARM.attributes
                0x0000000000000121       0x39 _build/nrf52832_xxaa/nrf_log_frontend.c.o
 .ARM.attributes
                0x000000000000015a       0x39 _build/nrf52832_xxaa/nrf_log_str_formatter.c.o
 .ARM.attributes
                0x0000000000000193       0x39 _build/nrf52832_xxaa/app_button.c.o
 .ARM.attributes
                0x00000000000001cc       0x39 _build/nrf52832_xxaa/app_error.c.o
 .ARM.attributes
                0x0000000000000205       0x39 _build/nrf52832_xxaa/app_error_weak.c.o
 .ARM.attributes
                0x000000000000023e       0x39 _build/nrf52832_xxaa/app_scheduler.c.o
 .ARM.attributes
                0x0000000000000277       0x39 _build/nrf52832_xxaa/app_timer.c.o
 .ARM.attributes
                0x00000000000002b0       0x39 _build/nrf52832_xxaa/app_util_platform.c.o
 .ARM.attributes
                0x00000000000002e9       0x39 _build/nrf52832_xxaa/nrf_balloc.c.o
 .ARM.attributes
                0x0000000000000322       0x39 _build/nrf52832_xxaa/nrf_fprintf.c.o
 .ARM.attributes
                0x000000000000035b       0x39 _build/nrf52832_xxaa/nrf_fprintf_format.c.o
 .ARM.attributes
                0x0000000000000394       0x39 _build/nrf52832_xxaa/nrf_memobj.c.o
 .ARM.attributes
                0x00000000000003cd       0x39 _build/nrf52832_xxaa/nrf_pwr_mgmt.c.o
 .ARM.attributes
                0x0000000000000406       0x39 _build/nrf52832_xxaa/nrf_section_iter.c.o
 .ARM.attributes
                0x000000000000043f       0x39 _build/nrf52832_xxaa/nrf_strerror.c.o
 .ARM.attributes
                0x0000000000000478       0x39 _build/nrf52832_xxaa/sdk_mapped_flags.c.o
 .ARM.attributes
                0x00000000000004b1       0x39 _build/nrf52832_xxaa/boards.c.o
 .ARM.attributes
                0x00000000000004ea       0x39 _build/nrf52832_xxaa/nrf_drv_clock.c.o
 .ARM.attributes
                0x0000000000000523       0x39 _build/nrf52832_xxaa/nrf_drv_common.c.o
 .ARM.attributes
                0x000000000000055c       0x39 _build/nrf52832_xxaa/nrf_drv_gpiote.c.o
 .ARM.attributes
                0x0000000000000595       0x39 _build/nrf52832_xxaa/nrf_drv_uart.c.o
 .ARM.attributes
                0x00000000000005ce       0x39 _build/nrf52832_xxaa/nrf_drv_spi.c.o
 .ARM.attributes
                0x0000000000000607       0x39 _build/nrf52832_xxaa/main.c.o
 .ARM.attributes
                0x0000000000000640       0x39 _build/nrf52832_xxaa/project_init.c.o
 .ARM.attributes
                0x0000000000000679       0x39 _build/nrf52832_xxaa/project_drawing.c.o
 .ARM.attributes
                0x00000000000006b2       0x39 _build/nrf52832_xxaa/project_timer.c.o
 .ARM.attributes
                0x00000000000006eb       0x39 _build/nrf52832_xxaa/project_ble.c.o
 .ARM.attributes
                0x0000000000000724       0x39 _build/nrf52832_xxaa/project_stage.c.o
 .ARM.attributes
                0x000000000000075d       0x39 _build/nrf52832_xxaa/ble_advdata.c.o
 .ARM.attributes
                0x0000000000000796       0x39 _build/nrf52832_xxaa/ble_conn_params.c.o
 .ARM.attributes
                0x00000000000007cf       0x39 _build/nrf52832_xxaa/ble_conn_state.c.o
 .ARM.attributes
                0x0000000000000808       0x39 _build/nrf52832_xxaa/ble_srv_common.c.o
 .ARM.attributes
                0x0000000000000841       0x39 _build/nrf52832_xxaa/nrf_ble_gatt.c.o
 .ARM.attributes
                0x000000000000087a       0x20 _build/nrf52832_xxaa/gcc_startup_nrf52.S.o
 .ARM.attributes
                0x000000000000089a       0x39 _build/nrf52832_xxaa/system_nrf52.c.o
 .ARM.attributes
                0x00000000000008d3       0x39 _build/nrf52832_xxaa/ble_lbs.c.o
 .ARM.attributes
                0x000000000000090c       0x39 _build/nrf52832_xxaa/nrf_sdh.c.o
 .ARM.attributes
                0x0000000000000945       0x39 _build/nrf52832_xxaa/nrf_sdh_ble.c.o
 .ARM.attributes
                0x000000000000097e       0x39 _build/nrf52832_xxaa/nrf_sdh_soc.c.o
 .ARM.attributes
                0x00000000000009b7       0x34 /usr/local/gcc_arm/gcc-arm-none-eabi-7-2017-q4-major/bin/../lib/gcc/arm-none-eabi/7.2.1/../../../../arm-none-eabi/lib/thumb/v7e-m/fpv4-sp/hard/libc_nano.a(lib_a-exit.o)
 .ARM.attributes
                0x00000000000009eb       0x34 /usr/local/gcc_arm/gcc-arm-none-eabi-7-2017-q4-major/bin/../lib/gcc/arm-none-eabi/7.2.1/../../../../arm-none-eabi/lib/thumb/v7e-m/fpv4-sp/hard/libc_nano.a(lib_a-impure.o)
 .ARM.attributes
                0x0000000000000a1f       0x34 /usr/local/gcc_arm/gcc-arm-none-eabi-7-2017-q4-major/bin/../lib/gcc/arm-none-eabi/7.2.1/../../../../arm-none-eabi/lib/thumb/v7e-m/fpv4-sp/hard/libc_nano.a(lib_a-init.o)
 .ARM.attributes
                0x0000000000000a53       0x34 /usr/local/gcc_arm/gcc-arm-none-eabi-7-2017-q4-major/bin/../lib/gcc/arm-none-eabi/7.2.1/../../../../arm-none-eabi/lib/thumb/v7e-m/fpv4-sp/hard/libc_nano.a(lib_a-locale.o)
 .ARM.attributes
                0x0000000000000a87       0x34 /usr/local/gcc_arm/gcc-arm-none-eabi-7-2017-q4-major/bin/../lib/gcc/arm-none-eabi/7.2.1/../../../../arm-none-eabi/lib/thumb/v7e-m/fpv4-sp/hard/libc_nano.a(lib_a-mbtowc_r.o)
 .ARM.attributes
                0x0000000000000abb       0x34 /usr/local/gcc_arm/gcc-arm-none-eabi-7-2017-q4-major/bin/../lib/gcc/arm-none-eabi/7.2.1/../../../../arm-none-eabi/lib/thumb/v7e-m/fpv4-sp/hard/libc_nano.a(lib_a-memcpy-stub.o)
 .ARM.attributes
                0x0000000000000aef       0x34 /usr/local/gcc_arm/gcc-arm-none-eabi-7-2017-q4-major/bin/../lib/gcc/arm-none-eabi/7.2.1/../../../../arm-none-eabi/lib/thumb/v7e-m/fpv4-sp/hard/libc_nano.a(lib_a-memset.o)
 .ARM.attributes
                0x0000000000000b23       0x1b /usr/local/gcc_arm/gcc-arm-none-eabi-7-2017-q4-major/bin/../lib/gcc/arm-none-eabi/7.2.1/../../../../arm-none-eabi/lib/thumb/v7e-m/fpv4-sp/hard/libc_nano.a(lib_a-strlen.o)
 .ARM.attributes
                0x0000000000000b3e       0x34 /usr/local/gcc_arm/gcc-arm-none-eabi-7-2017-q4-major/bin/../lib/gcc/arm-none-eabi/7.2.1/../../../../arm-none-eabi/lib/thumb/v7e-m/fpv4-sp/hard/libc_nano.a(lib_a-wctomb_r.o)
 .ARM.attributes
                0x0000000000000b72       0x34 /usr/local/gcc_arm/gcc-arm-none-eabi-7-2017-q4-major/bin/../lib/gcc/arm-none-eabi/7.2.1/../../../../arm-none-eabi/lib/thumb/v7e-m/fpv4-sp/hard/libc_nano.a(lib_a-ctype_.o)
 .ARM.attributes
                0x0000000000000ba6       0x34 /usr/local/gcc_arm/gcc-arm-none-eabi-7-2017-q4-major/bin/../lib/gcc/arm-none-eabi/7.2.1/../../../../arm-none-eabi/lib/thumb/v7e-m/fpv4-sp/hard/libnosys.a(_exit.o)
 .ARM.attributes
                0x0000000000000bda       0x34 /usr/local/gcc_arm/gcc-arm-none-eabi-7-2017-q4-major/bin/../lib/gcc/arm-none-eabi/7.2.1/thumb/v7e-m/fpv4-sp/hard/crtend.o
 .ARM.attributes
                0x0000000000000c0e       0x22 /usr/local/gcc_arm/gcc-arm-none-eabi-7-2017-q4-major/bin/../lib/gcc/arm-none-eabi/7.2.1/thumb/v7e-m/fpv4-sp/hard/crtn.o

.comment        0x0000000000000000       0x7e
 .comment       0x0000000000000000       0x7e _build/nrf52832_xxaa/nrf_log_backend_serial.c.o
                                         0x7f (size before relaxing)
 .comment       0x000000000000007e       0x7f _build/nrf52832_xxaa/nrf_log_backend_uart.c.o
 .comment       0x000000000000007e       0x7f _build/nrf52832_xxaa/nrf_log_default_backends.c.o
 .comment       0x000000000000007e       0x7f _build/nrf52832_xxaa/nrf_log_frontend.c.o
 .comment       0x000000000000007e       0x7f _build/nrf52832_xxaa/nrf_log_str_formatter.c.o
 .comment       0x000000000000007e       0x7f _build/nrf52832_xxaa/app_button.c.o
 .comment       0x000000000000007e       0x7f _build/nrf52832_xxaa/app_error.c.o
 .comment       0x000000000000007e       0x7f _build/nrf52832_xxaa/app_error_weak.c.o
 .comment       0x000000000000007e       0x7f _build/nrf52832_xxaa/app_scheduler.c.o
 .comment       0x000000000000007e       0x7f _build/nrf52832_xxaa/app_timer.c.o
 .comment       0x000000000000007e       0x7f _build/nrf52832_xxaa/app_util_platform.c.o
 .comment       0x000000000000007e       0x7f _build/nrf52832_xxaa/nrf_balloc.c.o
 .comment       0x000000000000007e       0x7f _build/nrf52832_xxaa/nrf_fprintf.c.o
 .comment       0x000000000000007e       0x7f _build/nrf52832_xxaa/nrf_fprintf_format.c.o
 .comment       0x000000000000007e       0x7f _build/nrf52832_xxaa/nrf_memobj.c.o
 .comment       0x000000000000007e       0x7f _build/nrf52832_xxaa/nrf_pwr_mgmt.c.o
 .comment       0x000000000000007e       0x7f _build/nrf52832_xxaa/nrf_section_iter.c.o
 .comment       0x000000000000007e       0x7f _build/nrf52832_xxaa/nrf_strerror.c.o
 .comment       0x000000000000007e       0x7f _build/nrf52832_xxaa/sdk_mapped_flags.c.o
 .comment       0x000000000000007e       0x7f _build/nrf52832_xxaa/boards.c.o
 .comment       0x000000000000007e       0x7f _build/nrf52832_xxaa/nrf_drv_clock.c.o
 .comment       0x000000000000007e       0x7f _build/nrf52832_xxaa/nrf_drv_common.c.o
 .comment       0x000000000000007e       0x7f _build/nrf52832_xxaa/nrf_drv_gpiote.c.o
 .comment       0x000000000000007e       0x7f _build/nrf52832_xxaa/nrf_drv_uart.c.o
 .comment       0x000000000000007e       0x7f _build/nrf52832_xxaa/nrf_drv_spi.c.o
 .comment       0x000000000000007e       0x7f _build/nrf52832_xxaa/main.c.o
 .comment       0x000000000000007e       0x7f _build/nrf52832_xxaa/project_init.c.o
 .comment       0x000000000000007e       0x7f _build/nrf52832_xxaa/project_drawing.c.o
 .comment       0x000000000000007e       0x7f _build/nrf52832_xxaa/project_timer.c.o
 .comment       0x000000000000007e       0x7f _build/nrf52832_xxaa/project_ble.c.o
 .comment       0x000000000000007e       0x7f _build/nrf52832_xxaa/project_stage.c.o
 .comment       0x000000000000007e       0x7f _build/nrf52832_xxaa/ble_advdata.c.o
 .comment       0x000000000000007e       0x7f _build/nrf52832_xxaa/ble_conn_params.c.o
 .comment       0x000000000000007e       0x7f _build/nrf52832_xxaa/ble_conn_state.c.o
 .comment       0x000000000000007e       0x7f _build/nrf52832_xxaa/ble_srv_common.c.o
 .comment       0x000000000000007e       0x7f _build/nrf52832_xxaa/nrf_ble_gatt.c.o
 .comment       0x000000000000007e       0x7f _build/nrf52832_xxaa/system_nrf52.c.o
 .comment       0x000000000000007e       0x7f _build/nrf52832_xxaa/ble_lbs.c.o
 .comment       0x000000000000007e       0x7f _build/nrf52832_xxaa/nrf_sdh.c.o
 .comment       0x000000000000007e       0x7f _build/nrf52832_xxaa/nrf_sdh_ble.c.o
 .comment       0x000000000000007e       0x7f _build/nrf52832_xxaa/nrf_sdh_soc.c.o

.debug_info     0x0000000000000000    0x482fb
 .debug_info    0x0000000000000000     0x1057 _build/nrf52832_xxaa/nrf_log_backend_serial.c.o
 .debug_info    0x0000000000001057     0x17ad _build/nrf52832_xxaa/nrf_log_backend_uart.c.o
 .debug_info    0x0000000000002804      0xba1 _build/nrf52832_xxaa/nrf_log_default_backends.c.o
 .debug_info    0x00000000000033a5     0x3cb8 _build/nrf52832_xxaa/nrf_log_frontend.c.o
 .debug_info    0x000000000000705d     0x106c _build/nrf52832_xxaa/nrf_log_str_formatter.c.o
 .debug_info    0x00000000000080c9      0xe40 _build/nrf52832_xxaa/app_button.c.o
 .debug_info    0x0000000000008f09      0xb58 _build/nrf52832_xxaa/app_error.c.o
 .debug_info    0x0000000000009a61      0xcb6 _build/nrf52832_xxaa/app_error_weak.c.o
 .debug_info    0x000000000000a717      0xd38 _build/nrf52832_xxaa/app_scheduler.c.o
 .debug_info    0x000000000000b44f     0x24b4 _build/nrf52832_xxaa/app_timer.c.o
 .debug_info    0x000000000000d903     0x1199 _build/nrf52832_xxaa/app_util_platform.c.o
 .debug_info    0x000000000000ea9c      0xcce _build/nrf52832_xxaa/nrf_balloc.c.o
 .debug_info    0x000000000000f76a      0xa92 _build/nrf52832_xxaa/nrf_fprintf.c.o
 .debug_info    0x00000000000101fc     0x11df _build/nrf52832_xxaa/nrf_fprintf_format.c.o
 .debug_info    0x00000000000113db     0x1279 _build/nrf52832_xxaa/nrf_memobj.c.o
 .debug_info    0x0000000000012654     0x1ae7 _build/nrf52832_xxaa/nrf_pwr_mgmt.c.o
 .debug_info    0x000000000001413b      0xa0b _build/nrf52832_xxaa/nrf_section_iter.c.o
 .debug_info    0x0000000000014b46      0xa8c _build/nrf52832_xxaa/nrf_strerror.c.o
 .debug_info    0x00000000000155d2      0x623 _build/nrf52832_xxaa/sdk_mapped_flags.c.o
 .debug_info    0x0000000000015bf5     0x1405 _build/nrf52832_xxaa/boards.c.o
 .debug_info    0x0000000000016ffa     0x21bc _build/nrf52832_xxaa/nrf_drv_clock.c.o
 .debug_info    0x00000000000191b6      0xece _build/nrf52832_xxaa/nrf_drv_common.c.o
 .debug_info    0x000000000001a084     0x30b9 _build/nrf52832_xxaa/nrf_drv_gpiote.c.o
 .debug_info    0x000000000001d13d     0x4c66 _build/nrf52832_xxaa/nrf_drv_uart.c.o
 .debug_info    0x0000000000021da3     0x2d9b _build/nrf52832_xxaa/nrf_drv_spi.c.o
 .debug_info    0x0000000000024b3e      0xd88 _build/nrf52832_xxaa/main.c.o
 .debug_info    0x00000000000258c6     0x1d5c _build/nrf52832_xxaa/project_init.c.o
 .debug_info    0x0000000000027622     0x57a3 _build/nrf52832_xxaa/project_drawing.c.o
 .debug_info    0x000000000002cdc5     0x133e _build/nrf52832_xxaa/project_timer.c.o
 .debug_info    0x000000000002e103     0x4066 _build/nrf52832_xxaa/project_ble.c.o
 .debug_info    0x0000000000032169      0xf27 _build/nrf52832_xxaa/project_stage.c.o
 .debug_info    0x0000000000033090     0x239e _build/nrf52832_xxaa/ble_advdata.c.o
 .debug_info    0x000000000003542e     0x2e4a _build/nrf52832_xxaa/ble_conn_params.c.o
 .debug_info    0x0000000000038278     0x29b0 _build/nrf52832_xxaa/ble_conn_state.c.o
 .debug_info    0x000000000003ac28     0x150a _build/nrf52832_xxaa/ble_srv_common.c.o
 .debug_info    0x000000000003c132     0x2cad _build/nrf52832_xxaa/nrf_ble_gatt.c.o
 .debug_info    0x000000000003eddf       0x26 _build/nrf52832_xxaa/gcc_startup_nrf52.S.o
 .debug_info    0x000000000003ee05     0x10fe _build/nrf52832_xxaa/system_nrf52.c.o
 .debug_info    0x000000000003ff03     0x2841 _build/nrf52832_xxaa/ble_lbs.c.o
 .debug_info    0x0000000000042744     0x2028 _build/nrf52832_xxaa/nrf_sdh.c.o
 .debug_info    0x000000000004476c     0x2dbd _build/nrf52832_xxaa/nrf_sdh_ble.c.o
 .debug_info    0x0000000000047529      0xdd2 _build/nrf52832_xxaa/nrf_sdh_soc.c.o

.debug_abbrev   0x0000000000000000     0x8f8d
 .debug_abbrev  0x0000000000000000      0x27f _build/nrf52832_xxaa/nrf_log_backend_serial.c.o
 .debug_abbrev  0x000000000000027f      0x353 _build/nrf52832_xxaa/nrf_log_backend_uart.c.o
 .debug_abbrev  0x00000000000005d2      0x256 _build/nrf52832_xxaa/nrf_log_default_backends.c.o
 .debug_abbrev  0x0000000000000828      0x560 _build/nrf52832_xxaa/nrf_log_frontend.c.o
 .debug_abbrev  0x0000000000000d88      0x29d _build/nrf52832_xxaa/nrf_log_str_formatter.c.o
 .debug_abbrev  0x0000000000001025      0x2b5 _build/nrf52832_xxaa/app_button.c.o
 .debug_abbrev  0x00000000000012da      0x235 _build/nrf52832_xxaa/app_error.c.o
 .debug_abbrev  0x000000000000150f      0x260 _build/nrf52832_xxaa/app_error_weak.c.o
 .debug_abbrev  0x000000000000176f      0x345 _build/nrf52832_xxaa/app_scheduler.c.o
 .debug_abbrev  0x0000000000001ab4      0x48c _build/nrf52832_xxaa/app_timer.c.o
 .debug_abbrev  0x0000000000001f40      0x381 _build/nrf52832_xxaa/app_util_platform.c.o
 .debug_abbrev  0x00000000000022c1      0x2f9 _build/nrf52832_xxaa/nrf_balloc.c.o
 .debug_abbrev  0x00000000000025ba      0x239 _build/nrf52832_xxaa/nrf_fprintf.c.o
 .debug_abbrev  0x00000000000027f3      0x352 _build/nrf52832_xxaa/nrf_fprintf_format.c.o
 .debug_abbrev  0x0000000000002b45      0x397 _build/nrf52832_xxaa/nrf_memobj.c.o
 .debug_abbrev  0x0000000000002edc      0x475 _build/nrf52832_xxaa/nrf_pwr_mgmt.c.o
 .debug_abbrev  0x0000000000003351      0x1da _build/nrf52832_xxaa/nrf_section_iter.c.o
 .debug_abbrev  0x000000000000352b      0x248 _build/nrf52832_xxaa/nrf_strerror.c.o
 .debug_abbrev  0x0000000000003773      0x237 _build/nrf52832_xxaa/sdk_mapped_flags.c.o
 .debug_abbrev  0x00000000000039aa      0x384 _build/nrf52832_xxaa/boards.c.o
 .debug_abbrev  0x0000000000003d2e      0x58d _build/nrf52832_xxaa/nrf_drv_clock.c.o
 .debug_abbrev  0x00000000000042bb      0x287 _build/nrf52832_xxaa/nrf_drv_common.c.o
 .debug_abbrev  0x0000000000004542      0x529 _build/nrf52832_xxaa/nrf_drv_gpiote.c.o
 .debug_abbrev  0x0000000000004a6b      0x47b _build/nrf52832_xxaa/nrf_drv_uart.c.o
 .debug_abbrev  0x0000000000004ee6      0x4b1 _build/nrf52832_xxaa/nrf_drv_spi.c.o
 .debug_abbrev  0x0000000000005397      0x264 _build/nrf52832_xxaa/main.c.o
 .debug_abbrev  0x00000000000055fb      0x40c _build/nrf52832_xxaa/project_init.c.o
 .debug_abbrev  0x0000000000005a07      0x494 _build/nrf52832_xxaa/project_drawing.c.o
 .debug_abbrev  0x0000000000005e9b      0x37e _build/nrf52832_xxaa/project_timer.c.o
 .debug_abbrev  0x0000000000006219      0x523 _build/nrf52832_xxaa/project_ble.c.o
 .debug_abbrev  0x000000000000673c      0x245 _build/nrf52832_xxaa/project_stage.c.o
 .debug_abbrev  0x0000000000006981      0x3f1 _build/nrf52832_xxaa/ble_advdata.c.o
 .debug_abbrev  0x0000000000006d72      0x4fb _build/nrf52832_xxaa/ble_conn_params.c.o
 .debug_abbrev  0x000000000000726d      0x447 _build/nrf52832_xxaa/ble_conn_state.c.o
 .debug_abbrev  0x00000000000076b4      0x34f _build/nrf52832_xxaa/ble_srv_common.c.o
 .debug_abbrev  0x0000000000007a03      0x433 _build/nrf52832_xxaa/nrf_ble_gatt.c.o
 .debug_abbrev  0x0000000000007e36       0x14 _build/nrf52832_xxaa/gcc_startup_nrf52.S.o
 .debug_abbrev  0x0000000000007e4a      0x1e2 _build/nrf52832_xxaa/system_nrf52.c.o
 .debug_abbrev  0x000000000000802c      0x38d _build/nrf52832_xxaa/ble_lbs.c.o
 .debug_abbrev  0x00000000000083b9      0x508 _build/nrf52832_xxaa/nrf_sdh.c.o
 .debug_abbrev  0x00000000000088c1      0x40a _build/nrf52832_xxaa/nrf_sdh_ble.c.o
 .debug_abbrev  0x0000000000008ccb      0x2c2 _build/nrf52832_xxaa/nrf_sdh_soc.c.o

.debug_loc      0x0000000000000000    0x160e9
 .debug_loc     0x0000000000000000      0x160 _build/nrf52832_xxaa/nrf_log_backend_serial.c.o
 .debug_loc     0x0000000000000160      0x153 _build/nrf52832_xxaa/nrf_log_backend_uart.c.o
 .debug_loc     0x00000000000002b3       0x15 _build/nrf52832_xxaa/nrf_log_default_backends.c.o
 .debug_loc     0x00000000000002c8     0x31dc _build/nrf52832_xxaa/nrf_log_frontend.c.o
 .debug_loc     0x00000000000034a4      0x544 _build/nrf52832_xxaa/nrf_log_str_formatter.c.o
 .debug_loc     0x00000000000039e8      0x3c1 _build/nrf52832_xxaa/app_button.c.o
 .debug_loc     0x0000000000003da9      0x145 _build/nrf52832_xxaa/app_error.c.o
 .debug_loc     0x0000000000003eee       0x63 _build/nrf52832_xxaa/app_error_weak.c.o
 .debug_loc     0x0000000000003f51      0x25a _build/nrf52832_xxaa/app_scheduler.c.o
 .debug_loc     0x00000000000041ab      0xe91 _build/nrf52832_xxaa/app_timer.c.o
 .debug_loc     0x000000000000503c      0x112 _build/nrf52832_xxaa/app_util_platform.c.o
 .debug_loc     0x000000000000514e      0x169 _build/nrf52832_xxaa/nrf_balloc.c.o
 .debug_loc     0x00000000000052b7       0x4a _build/nrf52832_xxaa/nrf_fprintf.c.o
 .debug_loc     0x0000000000005301      0xf00 _build/nrf52832_xxaa/nrf_fprintf_format.c.o
 .debug_loc     0x0000000000006201      0xa3b _build/nrf52832_xxaa/nrf_memobj.c.o
 .debug_loc     0x0000000000006c3c       0xf4 _build/nrf52832_xxaa/nrf_pwr_mgmt.c.o
 .debug_loc     0x0000000000006d30      0x2db _build/nrf52832_xxaa/nrf_strerror.c.o
 .debug_loc     0x000000000000700b      0x512 _build/nrf52832_xxaa/sdk_mapped_flags.c.o
 .debug_loc     0x000000000000751d      0x845 _build/nrf52832_xxaa/boards.c.o
 .debug_loc     0x0000000000007d62      0x5d0 _build/nrf52832_xxaa/nrf_drv_clock.c.o
 .debug_loc     0x0000000000008332       0xd7 _build/nrf52832_xxaa/nrf_drv_common.c.o
 .debug_loc     0x0000000000008409     0x24aa _build/nrf52832_xxaa/nrf_drv_gpiote.c.o
 .debug_loc     0x000000000000a8b3     0x2889 _build/nrf52832_xxaa/nrf_drv_uart.c.o
 .debug_loc     0x000000000000d13c     0x1151 _build/nrf52832_xxaa/nrf_drv_spi.c.o
 .debug_loc     0x000000000000e28d       0x39 _build/nrf52832_xxaa/main.c.o
 .debug_loc     0x000000000000e2c6      0x239 _build/nrf52832_xxaa/project_init.c.o
 .debug_loc     0x000000000000e4ff     0x2790 _build/nrf52832_xxaa/project_drawing.c.o
 .debug_loc     0x0000000000010c8f      0x321 _build/nrf52832_xxaa/project_timer.c.o
 .debug_loc     0x0000000000010fb0      0xa74 _build/nrf52832_xxaa/project_ble.c.o
 .debug_loc     0x0000000000011a24       0xfc _build/nrf52832_xxaa/project_stage.c.o
 .debug_loc     0x0000000000011b20     0x1ad5 _build/nrf52832_xxaa/ble_advdata.c.o
 .debug_loc     0x00000000000135f5      0xb45 _build/nrf52832_xxaa/ble_conn_params.c.o
 .debug_loc     0x000000000001413a      0x4ab _build/nrf52832_xxaa/ble_conn_state.c.o
 .debug_loc     0x00000000000145e5      0x545 _build/nrf52832_xxaa/ble_srv_common.c.o
 .debug_loc     0x0000000000014b2a      0xb45 _build/nrf52832_xxaa/nrf_ble_gatt.c.o
 .debug_loc     0x000000000001566f      0x2dc _build/nrf52832_xxaa/ble_lbs.c.o
 .debug_loc     0x000000000001594b      0x47d _build/nrf52832_xxaa/nrf_sdh.c.o
 .debug_loc     0x0000000000015dc8      0x2ad _build/nrf52832_xxaa/nrf_sdh_ble.c.o
 .debug_loc     0x0000000000016075       0x74 _build/nrf52832_xxaa/nrf_sdh_soc.c.o

.debug_aranges  0x0000000000000000      0xda0
 .debug_aranges
                0x0000000000000000       0x20 _build/nrf52832_xxaa/nrf_log_backend_serial.c.o
 .debug_aranges
                0x0000000000000020       0x48 _build/nrf52832_xxaa/nrf_log_backend_uart.c.o
 .debug_aranges
                0x0000000000000068       0x20 _build/nrf52832_xxaa/nrf_log_default_backends.c.o
 .debug_aranges
                0x0000000000000088       0xc0 _build/nrf52832_xxaa/nrf_log_frontend.c.o
 .debug_aranges
                0x0000000000000148       0x28 _build/nrf52832_xxaa/nrf_log_str_formatter.c.o
 .debug_aranges
                0x0000000000000170       0x48 _build/nrf52832_xxaa/app_button.c.o
 .debug_aranges
                0x00000000000001b8       0x30 _build/nrf52832_xxaa/app_error.c.o
 .debug_aranges
                0x00000000000001e8       0x20 _build/nrf52832_xxaa/app_error_weak.c.o
 .debug_aranges
                0x0000000000000208       0x38 _build/nrf52832_xxaa/app_scheduler.c.o
 .debug_aranges
                0x0000000000000240       0x78 _build/nrf52832_xxaa/app_timer.c.o
 .debug_aranges
                0x00000000000002b8       0x48 _build/nrf52832_xxaa/app_util_platform.c.o
 .debug_aranges
                0x0000000000000300       0x30 _build/nrf52832_xxaa/nrf_balloc.c.o
 .debug_aranges
                0x0000000000000330       0x28 _build/nrf52832_xxaa/nrf_fprintf.c.o
 .debug_aranges
                0x0000000000000358       0x28 _build/nrf52832_xxaa/nrf_fprintf_format.c.o
 .debug_aranges
                0x0000000000000380       0x50 _build/nrf52832_xxaa/nrf_memobj.c.o
 .debug_aranges
                0x00000000000003d0       0x48 _build/nrf52832_xxaa/nrf_pwr_mgmt.c.o
 .debug_aranges
                0x0000000000000418       0x28 _build/nrf52832_xxaa/nrf_section_iter.c.o
 .debug_aranges
                0x0000000000000440       0x28 _build/nrf52832_xxaa/nrf_strerror.c.o
 .debug_aranges
                0x0000000000000468       0x50 _build/nrf52832_xxaa/sdk_mapped_flags.c.o
 .debug_aranges
                0x00000000000004b8       0x80 _build/nrf52832_xxaa/boards.c.o
 .debug_aranges
                0x0000000000000538       0xa8 _build/nrf52832_xxaa/nrf_drv_clock.c.o
 .debug_aranges
                0x00000000000005e0       0x28 _build/nrf52832_xxaa/nrf_drv_common.c.o
 .debug_aranges
                0x0000000000000608       0xd8 _build/nrf52832_xxaa/nrf_drv_gpiote.c.o
 .debug_aranges
                0x00000000000006e0       0x78 _build/nrf52832_xxaa/nrf_drv_uart.c.o
 .debug_aranges
                0x0000000000000758       0x60 _build/nrf52832_xxaa/nrf_drv_spi.c.o
 .debug_aranges
                0x00000000000007b8       0x20 _build/nrf52832_xxaa/main.c.o
 .debug_aranges
                0x00000000000007d8       0x38 _build/nrf52832_xxaa/project_init.c.o
 .debug_aranges
                0x0000000000000810       0x98 _build/nrf52832_xxaa/project_drawing.c.o
 .debug_aranges
                0x00000000000008a8       0x48 _build/nrf52832_xxaa/project_timer.c.o
 .debug_aranges
                0x00000000000008f0       0xe8 _build/nrf52832_xxaa/project_ble.c.o
 .debug_aranges
                0x00000000000009d8       0x28 _build/nrf52832_xxaa/project_stage.c.o
 .debug_aranges
                0x0000000000000a00       0x58 _build/nrf52832_xxaa/ble_advdata.c.o
 .debug_aranges
                0x0000000000000a58       0x60 _build/nrf52832_xxaa/ble_conn_params.c.o
 .debug_aranges
                0x0000000000000ab8       0xa8 _build/nrf52832_xxaa/ble_conn_state.c.o
 .debug_aranges
                0x0000000000000b60       0x58 _build/nrf52832_xxaa/ble_srv_common.c.o
 .debug_aranges
                0x0000000000000bb8       0x68 _build/nrf52832_xxaa/nrf_ble_gatt.c.o
 .debug_aranges
                0x0000000000000c20       0x20 _build/nrf52832_xxaa/gcc_startup_nrf52.S.o
 .debug_aranges
                0x0000000000000c40       0x28 _build/nrf52832_xxaa/system_nrf52.c.o
 .debug_aranges
                0x0000000000000c68       0x50 _build/nrf52832_xxaa/ble_lbs.c.o
 .debug_aranges
                0x0000000000000cb8       0x70 _build/nrf52832_xxaa/nrf_sdh.c.o
 .debug_aranges
                0x0000000000000d28       0x50 _build/nrf52832_xxaa/nrf_sdh_ble.c.o
 .debug_aranges
                0x0000000000000d78       0x28 _build/nrf52832_xxaa/nrf_sdh_soc.c.o

.debug_ranges   0x0000000000000000     0x4658
 .debug_ranges  0x0000000000000000       0x28 _build/nrf52832_xxaa/nrf_log_backend_serial.c.o
 .debug_ranges  0x0000000000000028       0x80 _build/nrf52832_xxaa/nrf_log_backend_uart.c.o
 .debug_ranges  0x00000000000000a8       0x10 _build/nrf52832_xxaa/nrf_log_default_backends.c.o
 .debug_ranges  0x00000000000000b8      0x8d8 _build/nrf52832_xxaa/nrf_log_frontend.c.o
 .debug_ranges  0x0000000000000990       0xe8 _build/nrf52832_xxaa/nrf_log_str_formatter.c.o
 .debug_ranges  0x0000000000000a78       0x98 _build/nrf52832_xxaa/app_button.c.o
 .debug_ranges  0x0000000000000b10       0x20 _build/nrf52832_xxaa/app_error.c.o
 .debug_ranges  0x0000000000000b30       0x10 _build/nrf52832_xxaa/app_error_weak.c.o
 .debug_ranges  0x0000000000000b40       0xe0 _build/nrf52832_xxaa/app_scheduler.c.o
 .debug_ranges  0x0000000000000c20      0x5b8 _build/nrf52832_xxaa/app_timer.c.o
 .debug_ranges  0x00000000000011d8       0x80 _build/nrf52832_xxaa/app_util_platform.c.o
 .debug_ranges  0x0000000000001258       0x78 _build/nrf52832_xxaa/nrf_balloc.c.o